MPLINK 4.20, Linker
Linker Map File - Created Sun Mar 29 15:06:24 2009

                                 Section Info
                  Section       Type    Address   Location Size(Bytes)
                ---------  ---------  ---------  ---------  ---------
               _entry_scn       code   0x000000    program   0x000006
              high_vector       code   0x000008    program   0x000006
               low_vector       code   0x000018    program   0x000006
                   .cinit    romdata   0x00002a    program   0x000086
        .code_KeyThread.o       code   0x0000b0    program   0x001918
    .romdata_MenuScript.o    romdata   0x0019c8    program   0x0018b3
       .romdata_IOPorts.o    romdata   0x00327b    program   0x000000
     .romdata_KeyThread.o    romdata   0x00327b    program   0x000000
      .idata_PackMath.o_i    romdata   0x00327b    program   0x000000
.romdata_MovementThread.o    romdata   0x00327b    program   0x000000
      .romdata_PackMath.o    romdata   0x00327b    program   0x000000
    .idata_MenuScript.o_i    romdata   0x00327b    program   0x000000
       .idata_IOPorts.o_i    romdata   0x00327b    program   0x000000
 .idata_EEROM_Monitor.o_i    romdata   0x00327b    program   0x000000
         .idata_ldexp.o_i    romdata   0x00327b    program   0x000000
          .romdata_menu.o    romdata   0x00327b    program   0x000000
        .idata_printf.o_i    romdata   0x00327b    program   0x000000
          .romdata_sqrt.o    romdata   0x00327b    program   0x000000
       .idata_sprintf.o_i    romdata   0x00327b    program   0x000000
          .idata_beep.o_i    romdata   0x00327b    program   0x000000
          .idata_AtoD.o_i    romdata   0x00327b    program   0x000000
          .romdata_AtoD.o    romdata   0x00327b    program   0x000000
        .romdata_c018iz.o    romdata   0x00327b    program   0x000000
          .romdata_fabs.o    romdata   0x00327b    program   0x000000
         .idata_errno.o_i    romdata   0x00327b    program   0x000000
      .romdata_UnpkMath.o    romdata   0x00327b    program   0x000000
          .romdata_putc.o    romdata   0x00327b    program   0x000000
          .romdata_atan.o    romdata   0x00327b    program   0x000000
         .idata_log10.o_i    romdata   0x00327b    program   0x000000
    .romdata_ELeadscrew.o    romdata   0x00327b    program   0x000000
        .idata___init.o_i    romdata   0x00327b    program   0x000000
       .romdata_fxm3232.o    romdata   0x00327b    program   0x000000
      .idata_fxd3232u.o_i    romdata   0x00327b    program   0x000000
      .romdata_fxd1616u.o    romdata   0x00327b    program   0x000000
           .romdata_log.o    romdata   0x00327b    program   0x000000
  .romdata_SpindleSpeed.o    romdata   0x00327b    program   0x000000
  .idata_SpindleSpeed.o_i    romdata   0x00327b    program   0x000000
           .romdata_tan.o    romdata   0x00327b    program   0x000000
           .idata_tan.o_i    romdata   0x00327b    program   0x000000
         .idata_frexp.o_i    romdata   0x00327b    program   0x000000
      .idata_GlobVars.o_i    romdata   0x00327b    program   0x000000
    .romdata_MPG_Thread.o    romdata   0x00327b    program   0x000000
            .code_errno.o       code   0x00327c    program   0x000000
           .code_stdout.o       code   0x00327c    program   0x000000
       .code_ELeadscrew.o       code   0x00327c    program   0x0014a8
           .code_c018iz.o       code   0x00327c    program   0x000000
   .code_MovementThread.o       code   0x004724    program   0x001410
      .code_MotorDriver.o       code   0x005b34    program   0x0013c8
             .code_menu.o       code   0x006efc    program   0x001086
          .code_floatio.o       code   0x007f82    program   0x000d70
         .code_vfprintf.o       code   0x008cf2    program   0x000c22
              .code_Int.o       code   0x009914    program   0x000a66
             .stringtable    romdata   0x00a37a    program   0x0008ee
                     PROG       code   0x00ac68    program   0x0007d2
             .code_atan.o       code   0x00b43a    program   0x000518
              .code_Key.o       code   0x00b952    program   0x000508
              .code_log.o       code   0x00be5a    program   0x0004fa
              .code_tan.o       code   0x00c354    program   0x0004e4
         .code_GlobVars.o       code   0x00c838    program   0x0004ac
           .code_Serial.o       code   0x00cce4    program   0x0004a4
       .code_MenuScript.o       code   0x00d188    program   0x000454
             .code_sqrt.o       code   0x00d5dc    program   0x000442
       .code_MPG_Thread.o       code   0x00da1e    program   0x00039a
    .code_HalfnutThread.o       code   0x00ddb8    program   0x000352
              .code_LCD.o       code   0x00e10a    program   0x00031c
    .code_EEROM_Monitor.o       code   0x00e426    program   0x0002f8
         .code_Ob_eerom.o       code   0x00e71e    program   0x000228
                   STRING       code   0x00e946    program   0x000202
            .code_Timer.o       code   0x00eb48    program   0x0001ca
                   STDLIB       code   0x00ed12    program   0x00017a
      .romdata_GlobVars.o    romdata   0x00ee8c    program   0x000148
            .code_ldexp.o       code   0x00efd4    program   0x000138
     .code_SpindleSpeed.o       code   0x00f10c    program   0x000128
            .code_frexp.o       code   0x00f234    program   0x000124
         .code_UnpkMath.o       code   0x00f358    program   0x00011c
         .code_PackMath.o       code   0x00f474    program   0x00011a
          .code_IOPorts.o       code   0x00f58e    program   0x000106
             .code_AtoD.o       code   0x00f694    program   0x0000b8
          .code_sprintf.o       code   0x00f74c    program   0x0000ac
             .code_beep.o       code   0x00f7f8    program   0x0000a8
               _cinit_scn       code   0x00f8a0    program   0x00009e
           .code_printf.o       code   0x00f93e    program   0x000098
            .code_log10.o       code   0x00f9d6    program   0x000098
             .code_putc.o       code   0x00fa6e    program   0x000084
           .romdata_Int.o    romdata   0x00faf2    program   0x000080
          .code_fxm3232.o       code   0x00fb72    program   0x000070
             .code_fabs.o       code   0x00fbe2    program   0x000066
                    CTYPE       code   0x00fc48    program   0x00004c
         .code_fxd3232u.o       code   0x00fc94    program   0x000048
             D10KTCYXCODE       code   0x00fcdc    program   0x00002e
       .romdata_floatio.o    romdata   0x00fd0a    program   0x00002c
         .code_fxd1616u.o       code   0x00fd36    program   0x00002c
             _startup_scn       code   0x00fd62    program   0x000020
              D10TCYXCODE       code   0x00fd82    program   0x000016
      .romdata_vfprintf.o    romdata   0x00fd98    program   0x000011
         .romdata_frexp.o    romdata   0x00fda9    program   0x000000
        .romdata_stdout.o    romdata   0x00fda9    program   0x000000
         .romdata_ldexp.o    romdata   0x00fda9    program   0x000000
       .romdata_sprintf.o    romdata   0x00fda9    program   0x000000
          .idata_putc.o_i    romdata   0x00fda9    program   0x000000
         .romdata_log10.o    romdata   0x00fda9    program   0x000000
          .idata_sqrt.o_i    romdata   0x00fda9    program   0x000000
        .romdata_printf.o    romdata   0x00fda9    program   0x000000
           .idata_log.o_i    romdata   0x00fda9    program   0x000000
      .idata_vfprintf.o_i    romdata   0x00fda9    program   0x000000
        .idata_c018iz.o_i    romdata   0x00fda9    program   0x000000
   .romdata_MotorDriver.o    romdata   0x00fda9    program   0x000000
         .romdata_Timer.o    romdata   0x00fda9    program   0x000000
      .idata_Ob_eerom.o_i    romdata   0x00fda9    program   0x000000
      .romdata_Ob_eerom.o    romdata   0x00fda9    program   0x000000
        .idata_Serial.o_i    romdata   0x00fda9    program   0x000000
        .romdata_Serial.o    romdata   0x00fda9    program   0x000000
 .romdata_EEROM_Monitor.o    romdata   0x00fda9    program   0x000000
          .romdata_beep.o    romdata   0x00fda9    program   0x000000
           .romdata_Key.o    romdata   0x00fda9    program   0x000000
           .romdata_LCD.o    romdata   0x00fda9    program   0x000000
          .idata_menu.o_i    romdata   0x00fda9    program   0x000000
     .idata_KeyThread.o_i    romdata   0x00fda9    program   0x000000
          .idata_fabs.o_i    romdata   0x00fda9    program   0x000000
         .romdata_errno.o    romdata   0x00fda9    program   0x000000
      .idata_UnpkMath.o_i    romdata   0x00fda9    program   0x000000
          .idata_atan.o_i    romdata   0x00fda9    program   0x000000
        .romdata___init.o    romdata   0x00fda9    program   0x000000
       .idata_fxm3232.o_i    romdata   0x00fda9    program   0x000000
      .romdata_fxd3232u.o    romdata   0x00fda9    program   0x000000
      .idata_fxd1616u.o_i    romdata   0x00fda9    program   0x000000
 .romdata_HalfnutThread.o    romdata   0x00fda9    program   0x000000
 .idata_HalfnutThread.o_i    romdata   0x00fda9    program   0x000001
                    .code       code   0x00fdaa    program   0x00000e
           .code___init.o       code   0x00fdb8    program   0x000002
        .idata_stdout.o_i    romdata   0x00fdba    program   0x000002
       .idata_floatio.o_i    romdata   0x00fdbc    program   0x000041
         .idata_Timer.o_i    romdata   0x00fdfd    program   0x000008
.idata_MovementThread.o_i    romdata   0x00fe05    program   0x000007
   .idata_MotorDriver.o_i    romdata   0x00fe0c    program   0x000008
    .idata_MPG_Thread.o_i    romdata   0x00fe14    program   0x000013
           .idata_LCD.o_i    romdata   0x00fe27    program   0x000006
           .idata_Key.o_i    romdata   0x00fe2d    program   0x000008
           .idata_Int.o_i    romdata   0x00fe35    program   0x000009
    .idata_ELeadscrew.o_i    romdata   0x00fe3e    program   0x000018
                   IDLOCS    romdata   0x200000    program   0x000008
                   CONFIG    romdata   0x300000    program   0x000000
.config_300001_ELeadscrew.o    romdata   0x300001    program   0x000001
.config_300002_ELeadscrew.o    romdata   0x300002    program   0x000001
.config_300003_ELeadscrew.o    romdata   0x300003    program   0x000001
.config_300005_ELeadscrew.o    romdata   0x300005    program   0x000001
.config_300006_ELeadscrew.o    romdata   0x300006    program   0x000001
                   EEDATA    romdata   0xf00000    program   0x000100
                 .tmpdata      udata   0x000000       data   0x000020
                MATH_DATA      udata   0x000020       data   0x000014
               __INTH_tmp      udata   0x000034       data   0x000006
                DELAYDAT2      udata   0x00003a       data   0x000001
                DELAYDAT1      udata   0x00003b       data   0x000001
             .udata_Int.o      udata   0x000060       data   0x00006b
             .udata_Key.o      udata   0x0000cb       data   0x000019
      .idata_ELeadscrew.o      idata   0x0000e4       data   0x000018
            .udata_beep.o      udata   0x0000fc       data   0x000004
        .udata_GlobVars.o      udata   0x000100       data   0x0000d0
           .udata_Timer.o      udata   0x0001d0       data   0x00002e
           .udata_errno.o      udata   0x0001fe       data   0x000002
          .udata_Serial.o      udata   0x000200       data   0x0000a5
            .udata_menu.o      udata   0x0002a5       data   0x000047
      .idata_MPG_Thread.o      idata   0x0002ec       data   0x000013
   .idata_HalfnutThread.o      idata   0x0002ff       data   0x000001
     .udata_MotorDriver.o      udata   0x000300       data   0x000068
  .udata_MovementThread.o      udata   0x000368       data   0x00005d
          .udata_c018iz.o      udata   0x0003c5       data   0x00000a
             .udata_LCD.o      udata   0x0003cf       data   0x000009
             .idata_Int.o      idata   0x0003d8       data   0x000009
      .udata_ELeadscrew.o      udata   0x0003e1       data   0x000008
           .idata_Timer.o      idata   0x0003e9       data   0x000008
     .idata_MotorDriver.o      idata   0x0003f1       data   0x000008
  .idata_MovementThread.o      idata   0x0003f9       data   0x000007
      .udata_MenuScript.o      udata   0x000400       data   0x000045
         .idata_floatio.o      idata   0x000445       data   0x000041
             .idata_Key.o      idata   0x000486       data   0x000008
         .udata_floatio.o      udata   0x00048e       data   0x000006
   .udata_HalfnutThread.o      udata   0x000494       data   0x000006
             .idata_LCD.o      idata   0x00049a       data   0x000006
      .udata_MPG_Thread.o      udata   0x0004a0       data   0x000005
    .udata_SpindleSpeed.o      udata   0x0004a5       data   0x000004
        .udata_Ob_eerom.o      udata   0x0004a9       data   0x000004
       .udata_KeyThread.o      udata   0x0004ad       data   0x000004
          .idata_stdout.o      idata   0x0004b1       data   0x000002
        .idata_GlobVars.o      idata   0x0004b3       data   0x000000
        .udata_fxd1616u.o      udata   0x0004b3       data   0x000000
        .idata_fxd1616u.o      idata   0x0004b3       data   0x000000
        .udata_fxd3232u.o      udata   0x0004b3       data   0x000000
        .idata_fxd3232u.o      idata   0x0004b3       data   0x000000
         .udata_fxm3232.o      udata   0x0004b3       data   0x000000
         .idata_fxm3232.o      idata   0x0004b3       data   0x000000
          .udata___init.o      udata   0x0004b3       data   0x000000
          .idata___init.o      idata   0x0004b3       data   0x000000
            .udata_atan.o      udata   0x0004b3       data   0x000000
            .idata_atan.o      idata   0x0004b3       data   0x000000
        .udata_UnpkMath.o      udata   0x0004b3       data   0x000000
        .idata_UnpkMath.o      idata   0x0004b3       data   0x000000
          .idata_c018iz.o      idata   0x0004b3       data   0x000000
           .idata_errno.o      idata   0x0004b3       data   0x000000
            .udata_fabs.o      udata   0x0004b3       data   0x000000
            .idata_fabs.o      idata   0x0004b3       data   0x000000
           .udata_log10.o      udata   0x0004b3       data   0x000000
           .idata_log10.o      idata   0x0004b3       data   0x000000
             .udata_log.o      udata   0x0004b3       data   0x000000
             .idata_log.o      idata   0x0004b3       data   0x000000
           .udata_frexp.o      udata   0x0004b3       data   0x000000
           .idata_frexp.o      idata   0x0004b3       data   0x000000
        .udata_PackMath.o      udata   0x0004b3       data   0x000000
        .idata_PackMath.o      idata   0x0004b3       data   0x000000
          .udata_printf.o      udata   0x0004b3       data   0x000000
          .idata_printf.o      idata   0x0004b3       data   0x000000
            .idata_beep.o      idata   0x0004b3       data   0x000000
            .idata_menu.o      idata   0x0004b3       data   0x000000
   .idata_EEROM_Monitor.o      idata   0x0004b3       data   0x000000
      .idata_MenuScript.o      idata   0x0004b3       data   0x000000
   .udata_EEROM_Monitor.o      udata   0x0004b3       data   0x000000
         .idata_IOPorts.o      idata   0x0004b3       data   0x000000
       .idata_KeyThread.o      idata   0x0004b3       data   0x000000
         .udata_IOPorts.o      udata   0x0004b3       data   0x000000
            .idata_AtoD.o      idata   0x0004b3       data   0x000000
            .udata_AtoD.o      udata   0x0004b3       data   0x000000
          .idata_Serial.o      idata   0x0004b3       data   0x000000
        .idata_Ob_eerom.o      idata   0x0004b3       data   0x000000
    .idata_SpindleSpeed.o      idata   0x0004b3       data   0x000000
            .idata_putc.o      idata   0x0004b3       data   0x000000
            .udata_putc.o      udata   0x0004b3       data   0x000000
        .idata_vfprintf.o      idata   0x0004b3       data   0x000000
        .udata_vfprintf.o      udata   0x0004b3       data   0x000000
             .idata_tan.o      idata   0x0004b3       data   0x000000
             .udata_tan.o      udata   0x0004b3       data   0x000000
          .udata_stdout.o      udata   0x0004b3       data   0x000000
           .idata_ldexp.o      idata   0x0004b3       data   0x000000
           .udata_ldexp.o      udata   0x0004b3       data   0x000000
            .idata_sqrt.o      idata   0x0004b3       data   0x000000
            .udata_sqrt.o      udata   0x0004b3       data   0x000000
         .idata_sprintf.o      idata   0x0004b3       data   0x000000
         .udata_sprintf.o      udata   0x0004b3       data   0x000000
                   .stack      udata   0x000b00       data   0x000200
              SFR_BANKED0      udata   0x000d60       data   0x00000c
              SFR_BANKED1      udata   0x000d70       data   0x00000c
              SFR_BANKED2      udata   0x000d80       data   0x00000c
              SFR_BANKED3      udata   0x000d90       data   0x000004
              SFR_BANKED4      udata   0x000dd4       data   0x000002
              SFR_BANKED5      udata   0x000dd8       data   0x000001
              SFR_BANKED6      udata   0x000de0       data   0x000008
              SFR_BANKED7      udata   0x000df0       data   0x000004
              SFR_BANKED8      udata   0x000df8       data   0x000001
              SFR_BANKED9      udata   0x000dfa       data   0x000001
             SFR_BANKED10      udata   0x000dfc       data   0x000001
             SFR_BANKED11      udata   0x000e20       data   0x000060
             SFR_BANKED12      udata   0x000f00       data   0x000060
            SFR_UNBANKED0      udata   0x000f60       data   0x000018
            SFR_UNBANKED1      udata   0x000f80       data   0x000080



                              Program Memory Usage 
                               Start         End      
                           ---------   ---------      
                            0x000000    0x000005      
                            0x000008    0x00000d      
                            0x000018    0x00001d      
                            0x00002a    0x00327a      
                            0x00327c    0x00fe55      
                            0x200000    0x200007      
                            0x300001    0x300003      
                            0x300005    0x300006      
                            0xf00000    0xf000ff      
            65354 out of 99352 program addresses used, program memory utilization is 65%



                              Symbols - Sorted by Name
                     Name    Address   Location    Storage File                     
                ---------  ---------  ---------  --------- ---------                
                 ArmTimer   0x00ec94    program     extern C:\Projects\ELeadscrew\PIC18Code\LIB\Timer.c
             AsciiTofloat   0x008456    program     extern C:\Projects\ELeadscrew\PIC18Code\LIB\floatio.c
        AssortedTaperList   0x003229    program     extern C:\PROJECTS\ELeadscrew\PIC18Code\SRC\MenuScript.c
              AtoDConvert   0x00f6be    program     extern C:\Projects\ELeadscrew\PIC18Code\LIB\AtoD.c
             BeeperDevice   0x00f80a    program     extern C:\Projects\ELeadscrew\PIC18Code\LIB\beep.c
        CalcImperialDepth   0x00d1c4    program     extern C:\PROJECTS\ELeadscrew\PIC18Code\SRC\MenuScript.c
          CalcMetricDepth   0x00d1d8    program     extern C:\PROJECTS\ELeadscrew\PIC18Code\SRC\MenuScript.c
     CalcuateSpindleSpeed   0x0060c4    program     extern C:\PROJECTS\ELeadscrew\PIC18Code\SRC\MotorDriver.c
CalculateCompoundPosition   0x00484c    program     extern C:\PROJECTS\ELeadscrew\PIC18Code\SRC\MovementThread.c
   CalculateMotorDistance   0x00601e    program     extern C:\PROJECTS\ELeadscrew\PIC18Code\SRC\MotorDriver.c
          CalculatePasses   0x004968    program     extern C:\PROJECTS\ELeadscrew\PIC18Code\SRC\MovementThread.c
        CalculatePosition   0x004bfe    program     extern C:\PROJECTS\ELeadscrew\PIC18Code\SRC\MovementThread.c
        ChangeJogDistance   0x00dad2    program     extern C:\PROJECTS\ELeadscrew\PIC18Code\SRC\MPG_Thread.c
           ChangeJogMotor   0x00db0e    program     extern C:\PROJECTS\ELeadscrew\PIC18Code\SRC\MPG_Thread.c
              ChangeState   0x004182    program     extern C:\PROJECTS\ELeadscrew\PIC18Code\SRC\ELeadscrew.c
                CheckZero   0x00d190    program     extern C:\PROJECTS\ELeadscrew\PIC18Code\SRC\MenuScript.c
      ClearOnboardStepper   0x00d31e    program     extern C:\PROJECTS\ELeadscrew\PIC18Code\SRC\MenuScript.c
        ConvertToImperial   0x00d19a    program     extern C:\PROJECTS\ELeadscrew\PIC18Code\SRC\MenuScript.c
          ConvertToMetric   0x00d1b0    program     extern C:\PROJECTS\ELeadscrew\PIC18Code\SRC\MenuScript.c
                   D10K_1   0x00fce8    program     static C:\MCC18\src\traditional\delays\d10ktcyx.asm
                    D10Kl   0x00fcf4    program     static C:\MCC18\src\traditional\delays\d10ktcyx.asm
                    D10Kx   0x00fce6    program     static C:\MCC18\src\traditional\delays\d10ktcyx.asm
                    D10_1   0x00fd92    program     static C:\MCC18\src\traditional\delays\d10tcyx.asm
                     D10x   0x00fd8a    program     static C:\MCC18\src\traditional\delays\d10tcyx.asm
                   D1616S   0x00afba    program     static C:\MCC18\src\traditional\math\fxd1616s.asm
                D1616SNEG   0x00afc8    program     static C:\MCC18\src\traditional\math\fxd1616s.asm
                 D1616SOK   0x00afc4    program     static C:\MCC18\src\traditional\math\fxd1616s.asm
                  D1616SX   0x00afda    program     static C:\MCC18\src\traditional\math\fxd1616s.asm
                   D3232S   0x00b014    program     static C:\MCC18\src\traditional\math\fxd3232s.asm
                D3232SNEG   0x00b022    program     static C:\MCC18\src\traditional\math\fxd3232s.asm
                 D3232SOK   0x00b01e    program     static C:\MCC18\src\traditional\math\fxd3232s.asm
                  D3232SX   0x00b042    program     static C:\MCC18\src\traditional\math\fxd3232s.asm
                  DA1616S   0x00afaa    program     static C:\MCC18\src\traditional\math\fxd1616s.asm
                  DA3232S   0x00affe    program     static C:\MCC18\src\traditional\math\fxd3232s.asm
             Delay10KTCYx   0x00fcdc    program     extern C:\MCC18\src\traditional\delays\d10ktcyx.asm
              Delay10TCYx   0x00fd82    program     extern C:\MCC18\src\traditional\delays\d10tcyx.asm
          DisplayFlagText   0x00732a    program     extern C:\Projects\ELeadscrew\PIC18Code\LIB\menu.c
                DoNothing   0x00d188    program     extern C:\PROJECTS\ELeadscrew\PIC18Code\SRC\MenuScript.c
               DumpLCDStr   0x003638    program     extern C:\PROJECTS\ELeadscrew\PIC18Code\SRC\ELeadscrew.c
                 DumpMenu   0x00735e    program     extern C:\Projects\ELeadscrew\PIC18Code\LIB\menu.c
            EEROM_Monitor   0x00e426    program     extern C:\PROJECTS\ELeadscrew\PIC18Code\SRC\EEROM_Monitor.c
           ErrorKeyThread   0x00136c    program     extern C:\PROJECTS\ELeadscrew\PIC18Code\SRC\KeyThread.c
                 FLO0832S   0x00ac6c    program     extern C:\MCC18\src\traditional\math\cast08FP.asm
                 FLO0832U   0x00ac68    program     extern C:\MCC18\src\traditional\math\cast08FP.asm
                 FLO1632S   0x00ac8e    program     extern C:\MCC18\src\traditional\math\cast16FP.asm
                 FLO1632U   0x00ac8a    program     extern C:\MCC18\src\traditional\math\cast16FP.asm
                 FLO3232S   0x00acb8    program     extern C:\MCC18\src\traditional\math\cast32FP.asm
                 FLO3232U   0x00acb4    program     extern C:\MCC18\src\traditional\math\cast32FP.asm
                    FPA32   0x00acec    program     extern C:\MCC18\src\traditional\math\addFP.asm
                    FPD32   0x00ae18    program     extern C:\MCC18\src\traditional\math\divFP.asm
                    FPM32   0x00aebe    program     extern C:\MCC18\src\traditional\math\mulFP.asm
                    FPS32   0x00acea    program     extern C:\MCC18\src\traditional\math\addFP.asm
                 FXD1616S   0x00af98    program     extern C:\MCC18\src\traditional\math\fxd1616s.asm
                 FXD1616U   0x00fd36    program     extern C:\MCC18\src\traditional\math\fxd1616u.c
                 FXD3232S   0x00afe4    program     extern C:\MCC18\src\traditional\math\fxd3232s.asm
                 FXD3232U   0x00fc94    program     extern C:\MCC18\src\traditional\math\fxd3232u.c
                 FXM1616S   0x00b04c    program     extern C:\MCC18\src\traditional\math\fxm1616s.asm
                 FXM2424U   0x00b0a6    program     extern C:\MCC18\src\traditional\math\fxm2424u.asm
                  FXM3232   0x00fb72    program     extern C:\MCC18\src\traditional\math\fxm3232.c
                 FlagText   0x00326f    program     extern C:\PROJECTS\ELeadscrew\PIC18Code\SRC\MenuScript.c
                  GetAtoD   0x00f72e    program     extern C:\Projects\ELeadscrew\PIC18Code\LIB\AtoD.c
               GetFlagVar   0x00c95a    program     extern C:\PROJECTS\ELeadscrew\PIC18Code\SRC\GlobVars.c
         GetGlobalVarByte   0x00c84a    program     extern C:\PROJECTS\ELeadscrew\PIC18Code\SRC\GlobVars.c
        GetGlobalVarFloat   0x00c838    program     extern C:\PROJECTS\ELeadscrew\PIC18Code\SRC\GlobVars.c
         GetGlobalVarLong   0x00c83a    program     extern C:\PROJECTS\ELeadscrew\PIC18Code\SRC\GlobVars.c
         GetGlobalVarWord   0x00c83c    program     extern C:\PROJECTS\ELeadscrew\PIC18Code\SRC\GlobVars.c
               GetHexByte   0x00d098    program     extern C:\Projects\ELeadscrew\PIC18Code\LIB\Serial.c
               GetHexLong   0x00cf96    program     extern C:\Projects\ELeadscrew\PIC18Code\LIB\Serial.c
               GetHexNibl   0x00d05c    program     extern C:\Projects\ELeadscrew\PIC18Code\LIB\Serial.c
               GetHexWord   0x00cf20    program     extern C:\Projects\ELeadscrew\PIC18Code\LIB\Serial.c
                  GetKeys   0x00ba76    program     extern C:\Projects\ELeadscrew\PIC18Code\LIB\Key.c
                  GetLine   0x00cebe    program     extern C:\Projects\ELeadscrew\PIC18Code\LIB\Serial.c
                  GetMenu   0x006efc    program     extern C:\Projects\ELeadscrew\PIC18Code\LIB\menu.c
                  GetWord   0x00ced0    program     extern C:\Projects\ELeadscrew\PIC18Code\LIB\Serial.c
   GetXBeginPositionSteps   0x004732    program     extern C:\PROJECTS\ELeadscrew\PIC18Code\SRC\MovementThread.c
GetXRetractedPositionSteps   0x00484a    program     extern C:\PROJECTS\ELeadscrew\PIC18Code\SRC\MovementThread.c
       Get_ObEEROM_Buffer   0x00e71e    program     extern C:\Projects\ELeadscrew\PIC18Code\LIB\Ob_eerom.c
         Get_ObEEROM_Byte   0x00e7d0    program     extern C:\Projects\ELeadscrew\PIC18Code\LIB\Ob_eerom.c
        Get_ObEEROM_Float   0x00e73e    program     extern C:\Projects\ELeadscrew\PIC18Code\LIB\Ob_eerom.c
         Get_ObEEROM_Word   0x00e788    program     extern C:\Projects\ELeadscrew\PIC18Code\LIB\Ob_eerom.c
           GlobalMaximums   0x00ef30    program     extern C:\PROJECTS\ELeadscrew\PIC18Code\SRC\GlobVars.c
           GlobalMinimums   0x00ee8c    program     extern C:\PROJECTS\ELeadscrew\PIC18Code\SRC\GlobVars.c
                HB_Device   0x00329a    program     extern C:\PROJECTS\ELeadscrew\PIC18Code\SRC\ELeadscrew.c
            HalfNutThread   0x00dde2    program     extern C:\PROJECTS\ELeadscrew\PIC18Code\SRC\HalfnutThread.c
                  INT3208   0x00b138    program     extern C:\MCC18\src\traditional\math\castFP08.asm
                  INT3216   0x00b186    program     extern C:\MCC18\src\traditional\math\castFP16.asm
                  INT3232   0x00b1e4    program     extern C:\MCC18\src\traditional\math\castFP32.asm
            IdleKeyThread   0x000cac    program     extern C:\PROJECTS\ELeadscrew\PIC18Code\SRC\KeyThread.c
                 InitAtoD   0x00f694    program     extern C:\Projects\ELeadscrew\PIC18Code\LIB\AtoD.c
           InitBeepDevice   0x00f800    program     extern C:\Projects\ELeadscrew\PIC18Code\LIB\beep.c
    InitDefaultGlobalVars   0x00c9b4    program     extern C:\PROJECTS\ELeadscrew\PIC18Code\SRC\GlobVars.c
       InitErrorKeyThread   0x0000d0    program     extern C:\PROJECTS\ELeadscrew\PIC18Code\SRC\KeyThread.c
        InitHalfNutDevice   0x00ddb8    program     extern C:\PROJECTS\ELeadscrew\PIC18Code\SRC\HalfnutThread.c
             InitHardware   0x0033dc    program     extern C:\PROJECTS\ELeadscrew\PIC18Code\SRC\ELeadscrew.c
                   InitIO   0x00f58e    program     extern C:\Projects\ELeadscrew\PIC18Code\LIB\IOPorts.c
        InitIdleKeyThread   0x0000c8    program     extern C:\PROJECTS\ELeadscrew\PIC18Code\SRC\KeyThread.c
   InitInterruptVariables   0x00994a    program     extern C:\Projects\ELeadscrew\PIC18Code\LIB\Int.c
            InitKeyDevice   0x00b952    program     extern C:\Projects\ELeadscrew\PIC18Code\LIB\Key.c
                  InitLCD   0x00e32e    program     extern C:\Projects\ELeadscrew\PIC18Code\LIB\LCD.C
           InitMPG_Thread   0x00daaa    program     extern C:\PROJECTS\ELeadscrew\PIC18Code\SRC\MPG_Thread.c
          InitMotorDevice   0x005b72    program     extern C:\PROJECTS\ELeadscrew\PIC18Code\SRC\MotorDriver.c
       InitMovementThread   0x004dfc    program     extern C:\PROJECTS\ELeadscrew\PIC18Code\SRC\MovementThread.c
         InitRdyKeyThread   0x0000c2    program     extern C:\PROJECTS\ELeadscrew\PIC18Code\SRC\KeyThread.c
         InitRunKeyThread   0x0000bc    program     extern C:\PROJECTS\ELeadscrew\PIC18Code\SRC\KeyThread.c
               InitSerial   0x00cdc8    program     extern C:\Projects\ELeadscrew\PIC18Code\LIB\Serial.c
        InitSpindleDevice   0x00f10c    program     extern C:\PROJECTS\ELeadscrew\PIC18Code\SRC\SpindleSpeed.c
          InitTimerDevice   0x00eb60    program     extern C:\Projects\ELeadscrew\PIC18Code\LIB\Timer.c
         InvertToImperial   0x00d1ec    program     extern C:\PROJECTS\ELeadscrew\PIC18Code\SRC\MenuScript.c
           InvertToMetric   0x00d1fa    program     extern C:\PROJECTS\ELeadscrew\PIC18Code\SRC\MenuScript.c
           JacobTaperList   0x0031ab    program     extern C:\PROJECTS\ELeadscrew\PIC18Code\SRC\MenuScript.c
                KeyDevice   0x00bac2    program     extern C:\Projects\ELeadscrew\PIC18Code\LIB\Key.c
                  LCDBusy   0x00e10a    program     extern C:\Projects\ELeadscrew\PIC18Code\LIB\LCD.C
         LCDSendBackSpace   0x00e19c    program     extern C:\Projects\ELeadscrew\PIC18Code\LIB\LCD.C
               LCDSendBuf   0x00e276    program     extern C:\Projects\ELeadscrew\PIC18Code\LIB\LCD.C
              LCDSendChar   0x00e1d4    program     extern C:\Projects\ELeadscrew\PIC18Code\LIB\LCD.C
               LCDSendCmd   0x00e15c    program     extern C:\Projects\ELeadscrew\PIC18Code\LIB\LCD.C
              LCDSendData   0x00e13e    program     extern C:\Projects\ELeadscrew\PIC18Code\LIB\LCD.C
               LCDSendStr   0x00e2d4    program     extern C:\Projects\ELeadscrew\PIC18Code\LIB\LCD.C
           LCDSetPosition   0x00e178    program     extern C:\Projects\ELeadscrew\PIC18Code\LIB\LCD.C
            LoadGlobalVar   0x00c89c    program     extern C:\PROJECTS\ELeadscrew\PIC18Code\SRC\GlobVars.c
            MPG_RunThread   0x00db2e    program     extern C:\PROJECTS\ELeadscrew\PIC18Code\SRC\MPG_Thread.c
          MantissaToAscii   0x00820a    program     extern C:\Projects\ELeadscrew\PIC18Code\LIB\floatio.c
                   Member   0x008044    program     extern C:\Projects\ELeadscrew\PIC18Code\LIB\floatio.c
                 MenuData   0x0019c8    program     extern C:\PROJECTS\ELeadscrew\PIC18Code\SRC\MenuScript.c
                MicroStep   0x009914    program     extern C:\Projects\ELeadscrew\PIC18Code\LIB\Int.c
      MicroStepATableBkwd   0x00fb32    program     extern C:\Projects\ELeadscrew\PIC18Code\LIB\Int.c
       MicroStepATableFwd   0x00faf2    program     extern C:\Projects\ELeadscrew\PIC18Code\LIB\Int.c
      MicroStepBTableBkwd   0x00fb52    program     extern C:\Projects\ELeadscrew\PIC18Code\LIB\Int.c
       MicroStepBTableFwd   0x00fb12    program     extern C:\Projects\ELeadscrew\PIC18Code\LIB\Int.c
           MorseTaperList   0x00313b    program     extern C:\PROJECTS\ELeadscrew\PIC18Code\SRC\MenuScript.c
              MotorDevice   0x006732    program     extern C:\PROJECTS\ELeadscrew\PIC18Code\SRC\MotorDriver.c
                 MotorJog   0x006574    program     extern C:\PROJECTS\ELeadscrew\PIC18Code\SRC\MotorDriver.c
        MotorMoveDistance   0x006100    program     extern C:\PROJECTS\ELeadscrew\PIC18Code\SRC\MotorDriver.c
              MotorMoveTo   0x0063f4    program     extern C:\PROJECTS\ELeadscrew\PIC18Code\SRC\MotorDriver.c
                MotorStop   0x0066e4    program     extern C:\PROJECTS\ELeadscrew\PIC18Code\SRC\MotorDriver.c
                 MoveHome   0x004f14    program     extern C:\PROJECTS\ELeadscrew\PIC18Code\SRC\MovementThread.c
      MovementStartThread   0x004f4e    program     extern C:\PROJECTS\ELeadscrew\PIC18Code\SRC\MovementThread.c
       MovementStopThread   0x004f96    program     extern C:\PROJECTS\ELeadscrew\PIC18Code\SRC\MovementThread.c
           MovementThread   0x004f9c    program     extern C:\PROJECTS\ELeadscrew\PIC18Code\SRC\MovementThread.c
                Normalize   0x0083c0    program     extern C:\Projects\ELeadscrew\PIC18Code\LIB\floatio.c
        NormalizeFraction   0x0080dc    program     extern C:\Projects\ELeadscrew\PIC18Code\LIB\floatio.c
                  OneByte   0x00ee7a    program     static C:\MCC18\src\traditional\stdclib\ltobcd.asm
            PlusPowerOf10   0x00fd0a    program     extern C:\Projects\ELeadscrew\PIC18Code\LIB\floatio.c
           PositionCursor   0x00e21c    program     extern C:\Projects\ELeadscrew\PIC18Code\LIB\LCD.C
                 PrintRPM   0x005de6    program     extern C:\PROJECTS\ELeadscrew\PIC18Code\SRC\MotorDriver.c
                ProcLower   0x00ee12    program     static C:\MCC18\src\traditional\stdclib\ultoa.asm
                ProcUpper   0x00ee08    program     static C:\MCC18\src\traditional\stdclib\ultoa.asm
                PutBuffer   0x00ce50    program     extern C:\Projects\ELeadscrew\PIC18Code\LIB\Serial.c
                  PutCRLF   0x00ce08    program     extern C:\Projects\ELeadscrew\PIC18Code\LIB\Serial.c
             PutInputLine   0x00ce6c    program     extern C:\Projects\ELeadscrew\PIC18Code\LIB\Serial.c
                PutSerial   0x00cd10    program     extern C:\Projects\ELeadscrew\PIC18Code\LIB\Serial.c
                PutSignOn   0x00327c    program     extern C:\PROJECTS\ELeadscrew\PIC18Code\SRC\ELeadscrew.c
                PutString   0x00ce0e    program     extern C:\Projects\ELeadscrew\PIC18Code\LIB\Serial.c
       Put_ObEEROM_Buffer   0x00e870    program     extern C:\Projects\ELeadscrew\PIC18Code\LIB\Ob_eerom.c
         Put_ObEEROM_Byte   0x00e7e0    program     extern C:\Projects\ELeadscrew\PIC18Code\LIB\Ob_eerom.c
        Put_ObEEROM_Float   0x00e82a    program     extern C:\Projects\ELeadscrew\PIC18Code\LIB\Ob_eerom.c
         Put_ObEEROM_Word   0x00e806    program     extern C:\Projects\ELeadscrew\PIC18Code\LIB\Ob_eerom.c
                    RdKey   0x00b960    program     extern C:\Projects\ELeadscrew\PIC18Code\LIB\Key.c
             RdyKeyThread   0x000626    program     extern C:\PROJECTS\ELeadscrew\PIC18Code\SRC\KeyThread.c
                ReadFlags   0x00c988    program     extern C:\PROJECTS\ELeadscrew\PIC18Code\SRC\GlobVars.c
        RestoreCurrentJog   0x00dacc    program     extern C:\PROJECTS\ELeadscrew\PIC18Code\SRC\MPG_Thread.c
   RestoreGlobalVariables   0x00cbe8    program     extern C:\PROJECTS\ELeadscrew\PIC18Code\SRC\GlobVars.c
             RunKeyThread   0x00053e    program     extern C:\PROJECTS\ELeadscrew\PIC18Code\SRC\KeyThread.c
     RunTimeDisplayThread   0x003732    program     extern C:\PROJECTS\ELeadscrew\PIC18Code\SRC\ELeadscrew.c
             RunTimeUnits   0x003704    program     extern C:\PROJECTS\ELeadscrew\PIC18Code\SRC\ELeadscrew.c
             RxCharDevice   0x00cd1e    program     extern C:\Projects\ELeadscrew\PIC18Code\LIB\Serial.c
                SEmitSign   0x007828    program     extern C:\Projects\ELeadscrew\PIC18Code\LIB\menu.c
                 SGetLong   0x007790    program     extern C:\Projects\ELeadscrew\PIC18Code\LIB\menu.c
                SGetULong   0x007734    program     extern C:\Projects\ELeadscrew\PIC18Code\LIB\menu.c
                 SGetWord   0x0076a8    program     extern C:\Projects\ELeadscrew\PIC18Code\LIB\menu.c
               SLongToDec   0x007852    program     extern C:\Projects\ELeadscrew\PIC18Code\LIB\menu.c
              SaveFlagVar   0x00c914    program     extern C:\PROJECTS\ELeadscrew\PIC18Code\SRC\GlobVars.c
            SaveGlobalVar   0x00c854    program     extern C:\PROJECTS\ELeadscrew\PIC18Code\SRC\GlobVars.c
             SerialThread   0x003f50    program     extern C:\PROJECTS\ELeadscrew\PIC18Code\SRC\ELeadscrew.c
               ServiceRTC   0x00eb48    program     extern C:\Projects\ELeadscrew\PIC18Code\LIB\Timer.c
SetCalculatePositionState   0x004724    program     extern C:\PROJECTS\ELeadscrew\PIC18Code\SRC\MovementThread.c
           SetDisplayMode   0x0035d0    program     extern C:\PROJECTS\ELeadscrew\PIC18Code\SRC\ELeadscrew.c
              SetEchoFlag   0x00cdee    program     extern C:\Projects\ELeadscrew\PIC18Code\LIB\Serial.c
        SetGlobalVarFloat   0x00c850    program     extern C:\PROJECTS\ELeadscrew\PIC18Code\SRC\GlobVars.c
         SetGlobalVarLong   0x00c852    program     extern C:\PROJECTS\ELeadscrew\PIC18Code\SRC\GlobVars.c
         SetJogIncrements   0x00da1e    program     extern C:\PROJECTS\ELeadscrew\PIC18Code\SRC\MPG_Thread.c
        SetOnboardStepper   0x00d2fe    program     extern C:\PROJECTS\ELeadscrew\PIC18Code\SRC\MenuScript.c
          SetSpindleSpeed   0x00f1e6    program     extern C:\PROJECTS\ELeadscrew\PIC18Code\SRC\SpindleSpeed.c
         SetThreadingMode   0x000496    program     extern C:\PROJECTS\ELeadscrew\PIC18Code\SRC\KeyThread.c
           SetTurningMode   0x0004be    program     extern C:\PROJECTS\ELeadscrew\PIC18Code\SRC\KeyThread.c
          SetupMotorSpeed   0x005fce    program     extern C:\PROJECTS\ELeadscrew\PIC18Code\SRC\MotorDriver.c
      SetupThreadDivision   0x005ec6    program     extern C:\PROJECTS\ELeadscrew\PIC18Code\SRC\MotorDriver.c
                 ShowPort   0x00f5ca    program     extern C:\Projects\ELeadscrew\PIC18Code\LIB\IOPorts.c
            SpindleDevice   0x00f148    program     extern C:\PROJECTS\ELeadscrew\PIC18Code\SRC\SpindleSpeed.c
                StartBeep   0x00f7f8    program     extern C:\Projects\ELeadscrew\PIC18Code\LIB\beep.c
          StartRecurTimer   0x00ec76    program     extern C:\Projects\ELeadscrew\PIC18Code\LIB\Timer.c
               StartTimer   0x00ec30    program     extern C:\Projects\ELeadscrew\PIC18Code\LIB\Timer.c
         StepsToXDistance   0x005cf8    program     extern C:\PROJECTS\ELeadscrew\PIC18Code\SRC\MotorDriver.c
         StepsToZDistance   0x005c5e    program     extern C:\PROJECTS\ELeadscrew\PIC18Code\SRC\MotorDriver.c
                 StopBeep   0x00f7fc    program     extern C:\Projects\ELeadscrew\PIC18Code\LIB\beep.c
              SuLongToDec   0x0078aa    program     extern C:\Projects\ELeadscrew\PIC18Code\LIB\menu.c
                  TAEQB32   0x00b252    program     extern C:\MCC18\src\traditional\math\eqFP.asm
                  TAGTB32   0x00b260    program     extern C:\MCC18\src\traditional\math\gtFP.asm
                  TALTB32   0x00b272    program     extern C:\MCC18\src\traditional\math\ltFP.asm
               TSIGN1616A   0x00b098    program     static C:\MCC18\src\traditional\math\fxm1616s.asm
   TaperDegreesToDistance   0x00d246    program     extern C:\PROJECTS\ELeadscrew\PIC18Code\SRC\MenuScript.c
   TaperDistanceToDegrees   0x00d2a0    program     extern C:\PROJECTS\ELeadscrew\PIC18Code\SRC\MenuScript.c
          TaperToImperial   0x00d208    program     extern C:\PROJECTS\ELeadscrew\PIC18Code\SRC\MenuScript.c
            TaperToMetric   0x00d238    program     extern C:\PROJECTS\ELeadscrew\PIC18Code\SRC\MenuScript.c
              TimerDevice   0x00eb78    program     extern C:\Projects\ELeadscrew\PIC18Code\LIB\Timer.c
                TimerDone   0x00ec0e    program     extern C:\Projects\ELeadscrew\PIC18Code\LIB\Timer.c
          ToggleBacklight   0x0000b0    program     extern C:\PROJECTS\ELeadscrew\PIC18Code\SRC\KeyThread.c
                 TstLower   0x00edfc    program     static C:\MCC18\src\traditional\stdclib\ultoa.asm
                 TstUpper   0x00edf6    program     static C:\MCC18\src\traditional\stdclib\ultoa.asm
             TxCharDevice   0x00cce4    program     extern C:\Projects\ELeadscrew\PIC18Code\LIB\Serial.c
          UpdateDistances   0x0000d6    program     extern C:\PROJECTS\ELeadscrew\PIC18Code\SRC\KeyThread.c
         XDistanceToSteps   0x005d82    program     extern C:\PROJECTS\ELeadscrew\PIC18Code\SRC\MotorDriver.c
         ZDistanceToSteps   0x005cca    program     extern C:\PROJECTS\ELeadscrew\PIC18Code\SRC\MotorDriver.c
                   _2jEnd   0x00eb32    program     static C:\MCC18\src\traditional\stdclib\slenpgm.asm
              _3jContinue   0x00e978    program     static C:\MCC18\src\traditional\stdclib\mcpyp2r.asm
              _3jContinue   0x00ea9c    program     static C:\MCC18\src\traditional\stdclib\sncatp2r.asm
              _3jContinue   0x00eae4    program     static C:\MCC18\src\traditional\stdclib\sncpyp2r.asm
                   _4jEnd   0x00eaee    program     static C:\MCC18\src\traditional\stdclib\sncpyp2r.asm
                   _4jEnd   0x00eaa6    program     static C:\MCC18\src\traditional\stdclib\sncatp2r.asm
                   _4jEnd   0x00e982    program     static C:\MCC18\src\traditional\stdclib\mcpyp2r.asm
       _D10KTCYXCODE_0010   0x00fcec    program     static C:\MCC18\src\traditional\delays\d10ktcyx.asm
       _D10KTCYXCODE_001C   0x00fcf8    program     static C:\MCC18\src\traditional\delays\d10ktcyx.asm
        _D10TCYXCODE_000A   0x00fd8c    program     static C:\MCC18\src\traditional\delays\d10tcyx.asm
        _D10TCYXCODE_000C   0x00fd8e    program     static C:\MCC18\src\traditional\delays\d10tcyx.asm
        _D10TCYXCODE_000E   0x00fd90    program     static C:\MCC18\src\traditional\delays\d10tcyx.asm
                _PackMath   0x00f474    program     extern C:\MCC18\src\traditional\stdclib\PackMath.c
                _UnpkMath   0x00f358    program     extern C:\MCC18\src\traditional\stdclib\UnpkMath.c
              __FpCompare   0x00b284    program     extern C:\MCC18\src\traditional\math\compFP.asm
                 __FpExit   0x00b33a    program     extern C:\MCC18\src\traditional\math\packFP.asm
                 __FpPack   0x00b366    program     extern C:\MCC18\src\traditional\math\packFP.asm
            __FpReturnNaN   0x00b32e    program     extern C:\MCC18\src\traditional\math\packFP.asm
         __FpReturnNegInf   0x00b340    program     extern C:\MCC18\src\traditional\math\packFP.asm
        __FpReturnNegZero   0x00b358    program     extern C:\MCC18\src\traditional\math\packFP.asm
         __FpReturnPosInf   0x00b346    program     extern C:\MCC18\src\traditional\math\packFP.asm
        __FpReturnPosZero   0x00b360    program     extern C:\MCC18\src\traditional\math\packFP.asm
        __FpReturnSignInf   0x00b33c    program     extern C:\MCC18\src\traditional\math\packFP.asm
       __FpReturnSignZero   0x00b354    program     extern C:\MCC18\src\traditional\math\packFP.asm
              __FpReturnW   0x00b3be    program     extern C:\MCC18\src\traditional\math\packFP.asm
              __FpUnPackA   0x00b3de    program     extern C:\MCC18\src\traditional\math\UnpackFP.asm
              __FpUnPackB   0x00b40e    program     extern C:\MCC18\src\traditional\math\UnpackFP.asm
                   __INTH   0x0099ea    program     extern C:\Projects\ELeadscrew\PIC18Code\LIB\Int.c
                   __INTL   0x00a1d8    program     extern C:\Projects\ELeadscrew\PIC18Code\LIB\Int.c
         ___else_lbl00007   0x00ba1c    program     static                          
          ___for_lbl00002   0x00ba42    program     static                          
          ___for_lbl00003   0x00ba48    program     static                          
          ___for_lbl00004   0x00ba3e    program     static                          
          ___for_lbl00005   0x00ba42    program     static                          
          ___for_lbl00009   0x00b9ba    program     static                          
          ___for_lbl00010   0x00b97c    program     static                          
           ___if_lbl00006   0x00ba3e    program     static                          
           ___if_lbl00008   0x00ba3e    program     static                          
       ___return_lbl00000   0x000004    program     static                          
       ___return_lbl00000   0x00fbe0    program     static                          
       ___return_lbl00000   0x00fcda    program     static                          
       ___return_lbl00000   0x00fd60    program     static                          
       ___return_lbl00001   0x00fd80    program     static                          
       ___return_lbl00001   0x00ba62    program     static                          
       ___return_lbl00002   0x00f93c    program     static                          
       ___return_lbl00003   0x00f71a    program     static                          
       ___return_lbl00008   0x00000c    program     static                          
       ___return_lbl00009   0x0099e8    program     static                          
       ___return_lbl00112   0x00001c    program     static                          
        ___while_lbl00004   0x00f6e4    program     static                          
        ___while_lbl00005   0x00f6e8    program     static                          
               __config_0   0x300001    program     static C:\PROJECTS\ELeadscrew\PIC18Code\SRC\ELeadscrew.c
               __config_1   0x300002    program     static C:\PROJECTS\ELeadscrew\PIC18Code\SRC\ELeadscrew.c
               __config_2   0x300003    program     static C:\PROJECTS\ELeadscrew\PIC18Code\SRC\ELeadscrew.c
               __config_3   0x300005    program     static C:\PROJECTS\ELeadscrew\PIC18Code\SRC\ELeadscrew.c
               __config_4   0x300006    program     static C:\PROJECTS\ELeadscrew\PIC18Code\SRC\ELeadscrew.c
                   __init   0x00fdb8    program     extern C:\MCC18\src\traditional\stdclib\__init.c
                   __pa_0   0x004394    program     static C:\PROJECTS\ELeadscrew\PIC18Code\SRC\ELeadscrew.c
                   __pa_0   0x00e6aa    program     static C:\PROJECTS\ELeadscrew\PIC18Code\SRC\EEROM_Monitor.c
                   __pa_0   0x00f466    program     static C:\MCC18\src\traditional\stdclib\UnpkMath.c
                   __pa_0   0x00c220    program     static C:\MCC18\src\traditional\stdclib\log.c
                   __pa_0   0x007a6a    program     static C:\Projects\ELeadscrew\PIC18Code\LIB\menu.c
                   __pa_0   0x00ec9e    program     static C:\Projects\ELeadscrew\PIC18Code\LIB\Timer.c
                   __pa_0   0x00f33c    program     static C:\MCC18\src\traditional\stdclib\frexp.c
                   __pa_0   0x00e394    program     static C:\Projects\ELeadscrew\PIC18Code\LIB\LCD.C
                   __pa_0   0x00f53c    program     static C:\MCC18\src\traditional\stdclib\PackMath.c
                   __pa_0   0x0088b6    program     static C:\Projects\ELeadscrew\PIC18Code\LIB\floatio.c
                   __pa_0   0x0055b6    program     static C:\PROJECTS\ELeadscrew\PIC18Code\SRC\MovementThread.c
                   __pa_0   0x00d97a    program     static C:\MCC18\src\traditional\stdclib\sqrt.c
                   __pa_0   0x00dc90    program     static C:\PROJECTS\ELeadscrew\PIC18Code\SRC\MPG_Thread.c
                   __pa_0   0x00f102    program     static C:\MCC18\src\traditional\stdclib\ldexp.c
                   __pa_0   0x00d0ae    program     static C:\Projects\ELeadscrew\PIC18Code\LIB\Serial.c
                   __pa_0   0x0068d8    program     static C:\PROJECTS\ELeadscrew\PIC18Code\SRC\MotorDriver.c
                   __pa_0   0x00d326    program     static C:\PROJECTS\ELeadscrew\PIC18Code\SRC\MenuScript.c
                   __pa_0   0x00b854    program     static C:\MCC18\src\traditional\stdclib\atan.c
                   __pa_0   0x00be02    program     static C:\Projects\ELeadscrew\PIC18Code\LIB\Key.c
                   __pa_0   0x009632    program     static C:\MCC18\src\traditional\stdclib\vfprintf.c
                   __pa_0   0x00a268    program     static C:\Projects\ELeadscrew\PIC18Code\LIB\Int.c
                   __pa_0   0x00f1fe    program     static C:\PROJECTS\ELeadscrew\PIC18Code\SRC\SpindleSpeed.c
                   __pa_0   0x00c754    program     static C:\MCC18\src\traditional\stdclib\tan.c
                   __pa_0   0x00cc24    program     static C:\PROJECTS\ELeadscrew\PIC18Code\SRC\GlobVars.c
                   __pa_0   0x00dfb2    program     static C:\PROJECTS\ELeadscrew\PIC18Code\SRC\HalfnutThread.c
                   __pa_0   0x001406    program     static C:\PROJECTS\ELeadscrew\PIC18Code\SRC\KeyThread.c
                   __pa_0   0x00e88a    program     static C:\Projects\ELeadscrew\PIC18Code\LIB\Ob_eerom.c
                   __pa_0   0x00f872    program     static C:\Projects\ELeadscrew\PIC18Code\LIB\beep.c
                   __pa_1   0x007a78    program     static C:\Projects\ELeadscrew\PIC18Code\LIB\menu.c
                   __pa_1   0x00e89a    program     static C:\Projects\ELeadscrew\PIC18Code\LIB\Ob_eerom.c
                   __pa_1   0x0088be    program     static C:\Projects\ELeadscrew\PIC18Code\LIB\floatio.c
                   __pa_1   0x00a28a    program     static C:\Projects\ELeadscrew\PIC18Code\LIB\Int.c
                   __pa_1   0x00b88c    program     static C:\MCC18\src\traditional\stdclib\atan.c
                   __pa_1   0x00f888    program     static C:\Projects\ELeadscrew\PIC18Code\LIB\beep.c
                   __pa_1   0x0068e6    program     static C:\PROJECTS\ELeadscrew\PIC18Code\SRC\MotorDriver.c
                   __pa_1   0x00c22c    program     static C:\MCC18\src\traditional\stdclib\log.c
                   __pa_1   0x00439a    program     static C:\PROJECTS\ELeadscrew\PIC18Code\SRC\ELeadscrew.c
                   __pa_1   0x00141c    program     static C:\PROJECTS\ELeadscrew\PIC18Code\SRC\KeyThread.c
                   __pa_1   0x0055ca    program     static C:\PROJECTS\ELeadscrew\PIC18Code\SRC\MovementThread.c
                   __pa_1   0x00dcb2    program     static C:\PROJECTS\ELeadscrew\PIC18Code\SRC\MPG_Thread.c
                   __pa_1   0x00e08e    program     static C:\PROJECTS\ELeadscrew\PIC18Code\SRC\HalfnutThread.c
                   __pa_1   0x00f218    program     static C:\PROJECTS\ELeadscrew\PIC18Code\SRC\SpindleSpeed.c
                   __pa_1   0x00e3a4    program     static C:\Projects\ELeadscrew\PIC18Code\LIB\LCD.C
                   __pa_1   0x00d0ba    program     static C:\Projects\ELeadscrew\PIC18Code\LIB\Serial.c
                   __pa_1   0x00d398    program     static C:\PROJECTS\ELeadscrew\PIC18Code\SRC\MenuScript.c
                   __pa_1   0x00e6c0    program     static C:\PROJECTS\ELeadscrew\PIC18Code\SRC\EEROM_Monitor.c
                   __pa_1   0x00be16    program     static C:\Projects\ELeadscrew\PIC18Code\LIB\Key.c
                   __pa_1   0x00963a    program     static C:\MCC18\src\traditional\stdclib\vfprintf.c
                   __pa_1   0x00f34a    program     static C:\MCC18\src\traditional\stdclib\frexp.c
                   __pa_1   0x00c770    program     static C:\MCC18\src\traditional\stdclib\tan.c
                   __pa_1   0x00ecb6    program     static C:\Projects\ELeadscrew\PIC18Code\LIB\Timer.c
                   __pa_1   0x00cc2c    program     static C:\PROJECTS\ELeadscrew\PIC18Code\SRC\GlobVars.c
                   __pa_1   0x00f54c    program     static C:\MCC18\src\traditional\stdclib\PackMath.c
                   __pa_1   0x00d984    program     static C:\MCC18\src\traditional\stdclib\sqrt.c
                  __pa_10   0x00e912    program     static C:\Projects\ELeadscrew\PIC18Code\LIB\Ob_eerom.c
                  __pa_10   0x00d136    program     static C:\Projects\ELeadscrew\PIC18Code\LIB\Serial.c
                  __pa_10   0x001540    program     static C:\PROJECTS\ELeadscrew\PIC18Code\SRC\KeyThread.c
                  __pa_10   0x00567c    program     static C:\PROJECTS\ELeadscrew\PIC18Code\SRC\MovementThread.c
                  __pa_10   0x00899c    program     static C:\Projects\ELeadscrew\PIC18Code\LIB\floatio.c
                  __pa_10   0x00b926    program     static C:\MCC18\src\traditional\stdclib\atan.c
                  __pa_10   0x00ccb2    program     static C:\PROJECTS\ELeadscrew\PIC18Code\SRC\GlobVars.c
                  __pa_10   0x004486    program     static C:\PROJECTS\ELeadscrew\PIC18Code\SRC\ELeadscrew.c
                  __pa_10   0x00c818    program     static C:\MCC18\src\traditional\stdclib\tan.c
                  __pa_10   0x00c2e2    program     static C:\MCC18\src\traditional\stdclib\log.c
                  __pa_10   0x0096ee    program     static C:\MCC18\src\traditional\stdclib\vfprintf.c
                  __pa_10   0x0069b0    program     static C:\PROJECTS\ELeadscrew\PIC18Code\SRC\MotorDriver.c
                  __pa_10   0x007b8a    program     static C:\Projects\ELeadscrew\PIC18Code\LIB\menu.c
                  __pa_10   0x00d456    program     static C:\PROJECTS\ELeadscrew\PIC18Code\SRC\MenuScript.c
                  __pa_10   0x00a366    program     static C:\Projects\ELeadscrew\PIC18Code\LIB\Int.c
                  __pa_11   0x00e91c    program     static C:\Projects\ELeadscrew\PIC18Code\LIB\Ob_eerom.c
                  __pa_11   0x00c826    program     static C:\MCC18\src\traditional\stdclib\tan.c
                  __pa_11   0x00d140    program     static C:\Projects\ELeadscrew\PIC18Code\LIB\Serial.c
                  __pa_11   0x00c2ea    program     static C:\MCC18\src\traditional\stdclib\log.c
                  __pa_11   0x00d464    program     static C:\PROJECTS\ELeadscrew\PIC18Code\SRC\MenuScript.c
                  __pa_11   0x0069b8    program     static C:\PROJECTS\ELeadscrew\PIC18Code\SRC\MotorDriver.c
                  __pa_11   0x001558    program     static C:\PROJECTS\ELeadscrew\PIC18Code\SRC\KeyThread.c
                  __pa_11   0x005684    program     static C:\PROJECTS\ELeadscrew\PIC18Code\SRC\MovementThread.c
                  __pa_11   0x0096fc    program     static C:\MCC18\src\traditional\stdclib\vfprintf.c
                  __pa_11   0x00a370    program     static C:\Projects\ELeadscrew\PIC18Code\LIB\Int.c
                  __pa_11   0x0044a2    program     static C:\PROJECTS\ELeadscrew\PIC18Code\SRC\ELeadscrew.c
                  __pa_11   0x0089c2    program     static C:\Projects\ELeadscrew\PIC18Code\LIB\floatio.c
                  __pa_11   0x007b9c    program     static C:\Projects\ELeadscrew\PIC18Code\LIB\menu.c
                  __pa_11   0x00b930    program     static C:\MCC18\src\traditional\stdclib\atan.c
                  __pa_11   0x00ccc8    program     static C:\PROJECTS\ELeadscrew\PIC18Code\SRC\GlobVars.c
                  __pa_12   0x00d14a    program     static C:\Projects\ELeadscrew\PIC18Code\LIB\Serial.c
                  __pa_12   0x0089d0    program     static C:\Projects\ELeadscrew\PIC18Code\LIB\floatio.c
                  __pa_12   0x0044ae    program     static C:\PROJECTS\ELeadscrew\PIC18Code\SRC\ELeadscrew.c
                  __pa_12   0x00155e    program     static C:\PROJECTS\ELeadscrew\PIC18Code\SRC\KeyThread.c
                  __pa_12   0x00e924    program     static C:\Projects\ELeadscrew\PIC18Code\LIB\Ob_eerom.c
                  __pa_12   0x007ba8    program     static C:\Projects\ELeadscrew\PIC18Code\LIB\menu.c
                  __pa_12   0x00568c    program     static C:\PROJECTS\ELeadscrew\PIC18Code\SRC\MovementThread.c
                  __pa_12   0x00b938    program     static C:\MCC18\src\traditional\stdclib\atan.c
                  __pa_12   0x00c2fc    program     static C:\MCC18\src\traditional\stdclib\log.c
                  __pa_12   0x0069ce    program     static C:\PROJECTS\ELeadscrew\PIC18Code\SRC\MotorDriver.c
                  __pa_12   0x009712    program     static C:\MCC18\src\traditional\stdclib\vfprintf.c
                  __pa_12   0x00ccd2    program     static C:\PROJECTS\ELeadscrew\PIC18Code\SRC\GlobVars.c
                  __pa_12   0x00d472    program     static C:\PROJECTS\ELeadscrew\PIC18Code\SRC\MenuScript.c
                  __pa_13   0x0044b8    program     static C:\PROJECTS\ELeadscrew\PIC18Code\SRC\ELeadscrew.c
                  __pa_13   0x001574    program     static C:\PROJECTS\ELeadscrew\PIC18Code\SRC\KeyThread.c
                  __pa_13   0x005694    program     static C:\PROJECTS\ELeadscrew\PIC18Code\SRC\MovementThread.c
                  __pa_13   0x00972c    program     static C:\MCC18\src\traditional\stdclib\vfprintf.c
                  __pa_13   0x00d480    program     static C:\PROJECTS\ELeadscrew\PIC18Code\SRC\MenuScript.c
                  __pa_13   0x00ccdc    program     static C:\PROJECTS\ELeadscrew\PIC18Code\SRC\GlobVars.c
                  __pa_13   0x00c316    program     static C:\MCC18\src\traditional\stdclib\log.c
                  __pa_13   0x0069d6    program     static C:\PROJECTS\ELeadscrew\PIC18Code\SRC\MotorDriver.c
                  __pa_13   0x007bce    program     static C:\Projects\ELeadscrew\PIC18Code\LIB\menu.c
                  __pa_13   0x00b944    program     static C:\MCC18\src\traditional\stdclib\atan.c
                  __pa_13   0x00e92a    program     static C:\Projects\ELeadscrew\PIC18Code\LIB\Ob_eerom.c
                  __pa_13   0x0089da    program     static C:\Projects\ELeadscrew\PIC18Code\LIB\floatio.c
                  __pa_13   0x00d154    program     static C:\Projects\ELeadscrew\PIC18Code\LIB\Serial.c
                  __pa_14   0x0044cc    program     static C:\PROJECTS\ELeadscrew\PIC18Code\SRC\ELeadscrew.c
                  __pa_14   0x00d16a    program     static C:\Projects\ELeadscrew\PIC18Code\LIB\Serial.c
                  __pa_14   0x001596    program     static C:\PROJECTS\ELeadscrew\PIC18Code\SRC\KeyThread.c
                  __pa_14   0x009744    program     static C:\MCC18\src\traditional\stdclib\vfprintf.c
                  __pa_14   0x00c328    program     static C:\MCC18\src\traditional\stdclib\log.c
                  __pa_14   0x0069e4    program     static C:\PROJECTS\ELeadscrew\PIC18Code\SRC\MotorDriver.c
                  __pa_14   0x0089ec    program     static C:\Projects\ELeadscrew\PIC18Code\LIB\floatio.c
                  __pa_14   0x00d492    program     static C:\PROJECTS\ELeadscrew\PIC18Code\SRC\MenuScript.c
                  __pa_14   0x00569c    program     static C:\PROJECTS\ELeadscrew\PIC18Code\SRC\MovementThread.c
                  __pa_14   0x00e932    program     static C:\Projects\ELeadscrew\PIC18Code\LIB\Ob_eerom.c
                  __pa_14   0x007bd8    program     static C:\Projects\ELeadscrew\PIC18Code\LIB\menu.c
                  __pa_15   0x009754    program     static C:\MCC18\src\traditional\stdclib\vfprintf.c
                  __pa_15   0x0069f0    program     static C:\PROJECTS\ELeadscrew\PIC18Code\SRC\MotorDriver.c
                  __pa_15   0x0015be    program     static C:\PROJECTS\ELeadscrew\PIC18Code\SRC\KeyThread.c
                  __pa_15   0x007bf6    program     static C:\Projects\ELeadscrew\PIC18Code\LIB\menu.c
                  __pa_15   0x0044d6    program     static C:\PROJECTS\ELeadscrew\PIC18Code\SRC\ELeadscrew.c
                  __pa_15   0x00c33a    program     static C:\MCC18\src\traditional\stdclib\log.c
                  __pa_15   0x00e93c    program     static C:\Projects\ELeadscrew\PIC18Code\LIB\Ob_eerom.c
                  __pa_15   0x00d176    program     static C:\Projects\ELeadscrew\PIC18Code\LIB\Serial.c
                  __pa_15   0x0056b4    program     static C:\PROJECTS\ELeadscrew\PIC18Code\SRC\MovementThread.c
                  __pa_15   0x0089fa    program     static C:\Projects\ELeadscrew\PIC18Code\LIB\floatio.c
                  __pa_15   0x00d4a4    program     static C:\PROJECTS\ELeadscrew\PIC18Code\SRC\MenuScript.c
                  __pa_16   0x00c346    program     static C:\MCC18\src\traditional\stdclib\log.c
                  __pa_16   0x0015d2    program     static C:\PROJECTS\ELeadscrew\PIC18Code\SRC\KeyThread.c
                  __pa_16   0x00d4e4    program     static C:\PROJECTS\ELeadscrew\PIC18Code\SRC\MenuScript.c
                  __pa_16   0x006a12    program     static C:\PROJECTS\ELeadscrew\PIC18Code\SRC\MotorDriver.c
                  __pa_16   0x00976a    program     static C:\MCC18\src\traditional\stdclib\vfprintf.c
                  __pa_16   0x007c0c    program     static C:\Projects\ELeadscrew\PIC18Code\LIB\menu.c
                  __pa_16   0x0044de    program     static C:\PROJECTS\ELeadscrew\PIC18Code\SRC\ELeadscrew.c
                  __pa_16   0x00d17e    program     static C:\Projects\ELeadscrew\PIC18Code\LIB\Serial.c
                  __pa_16   0x0056dc    program     static C:\PROJECTS\ELeadscrew\PIC18Code\SRC\MovementThread.c
                  __pa_16   0x008a04    program     static C:\Projects\ELeadscrew\PIC18Code\LIB\floatio.c
                  __pa_17   0x00977c    program     static C:\MCC18\src\traditional\stdclib\vfprintf.c
                  __pa_17   0x006a28    program     static C:\PROJECTS\ELeadscrew\PIC18Code\SRC\MotorDriver.c
                  __pa_17   0x007c14    program     static C:\Projects\ELeadscrew\PIC18Code\LIB\menu.c
                  __pa_17   0x008a20    program     static C:\Projects\ELeadscrew\PIC18Code\LIB\floatio.c
                  __pa_17   0x0056f6    program     static C:\PROJECTS\ELeadscrew\PIC18Code\SRC\MovementThread.c
                  __pa_17   0x0044ec    program     static C:\PROJECTS\ELeadscrew\PIC18Code\SRC\ELeadscrew.c
                  __pa_17   0x00d4f8    program     static C:\PROJECTS\ELeadscrew\PIC18Code\SRC\MenuScript.c
                  __pa_17   0x0015da    program     static C:\PROJECTS\ELeadscrew\PIC18Code\SRC\KeyThread.c
                  __pa_18   0x008a32    program     static C:\Projects\ELeadscrew\PIC18Code\LIB\floatio.c
                  __pa_18   0x005710    program     static C:\PROJECTS\ELeadscrew\PIC18Code\SRC\MovementThread.c
                  __pa_18   0x0044f6    program     static C:\PROJECTS\ELeadscrew\PIC18Code\SRC\ELeadscrew.c
                  __pa_18   0x007c30    program     static C:\Projects\ELeadscrew\PIC18Code\LIB\menu.c
                  __pa_18   0x00d520    program     static C:\PROJECTS\ELeadscrew\PIC18Code\SRC\MenuScript.c
                  __pa_18   0x006a30    program     static C:\PROJECTS\ELeadscrew\PIC18Code\SRC\MotorDriver.c
                  __pa_18   0x0015fc    program     static C:\PROJECTS\ELeadscrew\PIC18Code\SRC\KeyThread.c
                  __pa_18   0x00978e    program     static C:\MCC18\src\traditional\stdclib\vfprintf.c
                  __pa_19   0x009798    program     static C:\MCC18\src\traditional\stdclib\vfprintf.c
                  __pa_19   0x007c3a    program     static C:\Projects\ELeadscrew\PIC18Code\LIB\menu.c
                  __pa_19   0x006a46    program     static C:\PROJECTS\ELeadscrew\PIC18Code\SRC\MotorDriver.c
                  __pa_19   0x00571e    program     static C:\PROJECTS\ELeadscrew\PIC18Code\SRC\MovementThread.c
                  __pa_19   0x004506    program     static C:\PROJECTS\ELeadscrew\PIC18Code\SRC\ELeadscrew.c
                  __pa_19   0x001608    program     static C:\PROJECTS\ELeadscrew\PIC18Code\SRC\KeyThread.c
                  __pa_19   0x00d52c    program     static C:\PROJECTS\ELeadscrew\PIC18Code\SRC\MenuScript.c
                  __pa_19   0x008a4c    program     static C:\Projects\ELeadscrew\PIC18Code\LIB\floatio.c
                   __pa_2   0x00f222    program     static C:\PROJECTS\ELeadscrew\PIC18Code\SRC\SpindleSpeed.c
                   __pa_2   0x00e0a2    program     static C:\PROJECTS\ELeadscrew\PIC18Code\SRC\HalfnutThread.c
                   __pa_2   0x00c23e    program     static C:\MCC18\src\traditional\stdclib\log.c
                   __pa_2   0x007a82    program     static C:\Projects\ELeadscrew\PIC18Code\LIB\menu.c
                   __pa_2   0x00be2e    program     static C:\Projects\ELeadscrew\PIC18Code\LIB\Key.c
                   __pa_2   0x00b894    program     static C:\MCC18\src\traditional\stdclib\atan.c
                   __pa_2   0x0055e8    program     static C:\PROJECTS\ELeadscrew\PIC18Code\SRC\MovementThread.c
                   __pa_2   0x001426    program     static C:\PROJECTS\ELeadscrew\PIC18Code\SRC\KeyThread.c
                   __pa_2   0x00dcf8    program     static C:\PROJECTS\ELeadscrew\PIC18Code\SRC\MPG_Thread.c
                   __pa_2   0x00e3be    program     static C:\Projects\ELeadscrew\PIC18Code\LIB\LCD.C
                   __pa_2   0x009644    program     static C:\MCC18\src\traditional\stdclib\vfprintf.c
                   __pa_2   0x00c782    program     static C:\MCC18\src\traditional\stdclib\tan.c
                   __pa_2   0x00d3a4    program     static C:\PROJECTS\ELeadscrew\PIC18Code\SRC\MenuScript.c
                   __pa_2   0x00d99e    program     static C:\MCC18\src\traditional\stdclib\sqrt.c
                   __pa_2   0x00f55a    program     static C:\MCC18\src\traditional\stdclib\PackMath.c
                   __pa_2   0x00e89e    program     static C:\Projects\ELeadscrew\PIC18Code\LIB\Ob_eerom.c
                   __pa_2   0x00a2b0    program     static C:\Projects\ELeadscrew\PIC18Code\LIB\Int.c
                   __pa_2   0x00d0c4    program     static C:\Projects\ELeadscrew\PIC18Code\LIB\Serial.c
                   __pa_2   0x006908    program     static C:\PROJECTS\ELeadscrew\PIC18Code\SRC\MotorDriver.c
                   __pa_2   0x00ecc2    program     static C:\Projects\ELeadscrew\PIC18Code\LIB\Timer.c
                   __pa_2   0x00cc3c    program     static C:\PROJECTS\ELeadscrew\PIC18Code\SRC\GlobVars.c
                   __pa_2   0x00e6d0    program     static C:\PROJECTS\ELeadscrew\PIC18Code\SRC\EEROM_Monitor.c
                   __pa_2   0x0088e8    program     static C:\Projects\ELeadscrew\PIC18Code\LIB\floatio.c
                   __pa_2   0x00439e    program     static C:\PROJECTS\ELeadscrew\PIC18Code\SRC\ELeadscrew.c
                  __pa_20   0x006a5e    program     static C:\PROJECTS\ELeadscrew\PIC18Code\SRC\MotorDriver.c
                  __pa_20   0x007c48    program     static C:\Projects\ELeadscrew\PIC18Code\LIB\menu.c
                  __pa_20   0x00d536    program     static C:\PROJECTS\ELeadscrew\PIC18Code\SRC\MenuScript.c
                  __pa_20   0x005730    program     static C:\PROJECTS\ELeadscrew\PIC18Code\SRC\MovementThread.c
                  __pa_20   0x004516    program     static C:\PROJECTS\ELeadscrew\PIC18Code\SRC\ELeadscrew.c
                  __pa_20   0x00160e    program     static C:\PROJECTS\ELeadscrew\PIC18Code\SRC\KeyThread.c
                  __pa_20   0x0097a8    program     static C:\MCC18\src\traditional\stdclib\vfprintf.c
                  __pa_20   0x008a66    program     static C:\Projects\ELeadscrew\PIC18Code\LIB\floatio.c
                  __pa_21   0x00d54c    program     static C:\PROJECTS\ELeadscrew\PIC18Code\SRC\MenuScript.c
                  __pa_21   0x00451a    program     static C:\PROJECTS\ELeadscrew\PIC18Code\SRC\ELeadscrew.c
                  __pa_21   0x001618    program     static C:\PROJECTS\ELeadscrew\PIC18Code\SRC\KeyThread.c
                  __pa_21   0x007c52    program     static C:\Projects\ELeadscrew\PIC18Code\LIB\menu.c
                  __pa_21   0x008a80    program     static C:\Projects\ELeadscrew\PIC18Code\LIB\floatio.c
                  __pa_21   0x0097b8    program     static C:\MCC18\src\traditional\stdclib\vfprintf.c
                  __pa_21   0x006a64    program     static C:\PROJECTS\ELeadscrew\PIC18Code\SRC\MotorDriver.c
                  __pa_21   0x005758    program     static C:\PROJECTS\ELeadscrew\PIC18Code\SRC\MovementThread.c
                  __pa_22   0x006a86    program     static C:\PROJECTS\ELeadscrew\PIC18Code\SRC\MotorDriver.c
                  __pa_22   0x008a9a    program     static C:\Projects\ELeadscrew\PIC18Code\LIB\floatio.c
                  __pa_22   0x00577e    program     static C:\PROJECTS\ELeadscrew\PIC18Code\SRC\MovementThread.c
                  __pa_22   0x007c5a    program     static C:\Projects\ELeadscrew\PIC18Code\LIB\menu.c
                  __pa_22   0x004532    program     static C:\PROJECTS\ELeadscrew\PIC18Code\SRC\ELeadscrew.c
                  __pa_22   0x001624    program     static C:\PROJECTS\ELeadscrew\PIC18Code\SRC\KeyThread.c
                  __pa_22   0x0097c8    program     static C:\MCC18\src\traditional\stdclib\vfprintf.c
                  __pa_22   0x00d55e    program     static C:\PROJECTS\ELeadscrew\PIC18Code\SRC\MenuScript.c
                  __pa_23   0x00453e    program     static C:\PROJECTS\ELeadscrew\PIC18Code\SRC\ELeadscrew.c
                  __pa_23   0x00d568    program     static C:\PROJECTS\ELeadscrew\PIC18Code\SRC\MenuScript.c
                  __pa_23   0x0097d4    program     static C:\MCC18\src\traditional\stdclib\vfprintf.c
                  __pa_23   0x007c64    program     static C:\Projects\ELeadscrew\PIC18Code\LIB\menu.c
                  __pa_23   0x008ab4    program     static C:\Projects\ELeadscrew\PIC18Code\LIB\floatio.c
                  __pa_23   0x001630    program     static C:\PROJECTS\ELeadscrew\PIC18Code\SRC\KeyThread.c
                  __pa_23   0x005794    program     static C:\PROJECTS\ELeadscrew\PIC18Code\SRC\MovementThread.c
                  __pa_23   0x006aa2    program     static C:\PROJECTS\ELeadscrew\PIC18Code\SRC\MotorDriver.c
                  __pa_24   0x0057a6    program     static C:\PROJECTS\ELeadscrew\PIC18Code\SRC\MovementThread.c
                  __pa_24   0x00d574    program     static C:\PROJECTS\ELeadscrew\PIC18Code\SRC\MenuScript.c
                  __pa_24   0x00454a    program     static C:\PROJECTS\ELeadscrew\PIC18Code\SRC\ELeadscrew.c
                  __pa_24   0x0097e2    program     static C:\MCC18\src\traditional\stdclib\vfprintf.c
                  __pa_24   0x008acc    program     static C:\Projects\ELeadscrew\PIC18Code\LIB\floatio.c
                  __pa_24   0x007c70    program     static C:\Projects\ELeadscrew\PIC18Code\LIB\menu.c
                  __pa_24   0x001648    program     static C:\PROJECTS\ELeadscrew\PIC18Code\SRC\KeyThread.c
                  __pa_24   0x006ab8    program     static C:\PROJECTS\ELeadscrew\PIC18Code\SRC\MotorDriver.c
                  __pa_25   0x007c82    program     static C:\Projects\ELeadscrew\PIC18Code\LIB\menu.c
                  __pa_25   0x008ad6    program     static C:\Projects\ELeadscrew\PIC18Code\LIB\floatio.c
                  __pa_25   0x006ace    program     static C:\PROJECTS\ELeadscrew\PIC18Code\SRC\MotorDriver.c
                  __pa_25   0x0097ea    program     static C:\MCC18\src\traditional\stdclib\vfprintf.c
                  __pa_25   0x00d57a    program     static C:\PROJECTS\ELeadscrew\PIC18Code\SRC\MenuScript.c
                  __pa_25   0x00455a    program     static C:\PROJECTS\ELeadscrew\PIC18Code\SRC\ELeadscrew.c
                  __pa_25   0x00165c    program     static C:\PROJECTS\ELeadscrew\PIC18Code\SRC\KeyThread.c
                  __pa_25   0x0057b0    program     static C:\PROJECTS\ELeadscrew\PIC18Code\SRC\MovementThread.c
                  __pa_26   0x007c9e    program     static C:\Projects\ELeadscrew\PIC18Code\LIB\menu.c
                  __pa_26   0x008aea    program     static C:\Projects\ELeadscrew\PIC18Code\LIB\floatio.c
                  __pa_26   0x0057c6    program     static C:\PROJECTS\ELeadscrew\PIC18Code\SRC\MovementThread.c
                  __pa_26   0x0097f4    program     static C:\MCC18\src\traditional\stdclib\vfprintf.c
                  __pa_26   0x001672    program     static C:\PROJECTS\ELeadscrew\PIC18Code\SRC\KeyThread.c
                  __pa_26   0x00d584    program     static C:\PROJECTS\ELeadscrew\PIC18Code\SRC\MenuScript.c
                  __pa_26   0x006aee    program     static C:\PROJECTS\ELeadscrew\PIC18Code\SRC\MotorDriver.c
                  __pa_26   0x004564    program     static C:\PROJECTS\ELeadscrew\PIC18Code\SRC\ELeadscrew.c
                  __pa_27   0x00d58e    program     static C:\PROJECTS\ELeadscrew\PIC18Code\SRC\MenuScript.c
                  __pa_27   0x001688    program     static C:\PROJECTS\ELeadscrew\PIC18Code\SRC\KeyThread.c
                  __pa_27   0x006afe    program     static C:\PROJECTS\ELeadscrew\PIC18Code\SRC\MotorDriver.c
                  __pa_27   0x0057ca    program     static C:\PROJECTS\ELeadscrew\PIC18Code\SRC\MovementThread.c
                  __pa_27   0x008b02    program     static C:\Projects\ELeadscrew\PIC18Code\LIB\floatio.c
                  __pa_27   0x0097fe    program     static C:\MCC18\src\traditional\stdclib\vfprintf.c
                  __pa_27   0x004578    program     static C:\PROJECTS\ELeadscrew\PIC18Code\SRC\ELeadscrew.c
                  __pa_27   0x007cb8    program     static C:\Projects\ELeadscrew\PIC18Code\LIB\menu.c
                  __pa_28   0x0016a0    program     static C:\PROJECTS\ELeadscrew\PIC18Code\SRC\KeyThread.c
                  __pa_28   0x006b0c    program     static C:\PROJECTS\ELeadscrew\PIC18Code\SRC\MotorDriver.c
                  __pa_28   0x009806    program     static C:\MCC18\src\traditional\stdclib\vfprintf.c
                  __pa_28   0x007ccc    program     static C:\Projects\ELeadscrew\PIC18Code\LIB\menu.c
                  __pa_28   0x00458c    program     static C:\PROJECTS\ELeadscrew\PIC18Code\SRC\ELeadscrew.c
                  __pa_28   0x0057d4    program     static C:\PROJECTS\ELeadscrew\PIC18Code\SRC\MovementThread.c
                  __pa_28   0x00d594    program     static C:\PROJECTS\ELeadscrew\PIC18Code\SRC\MenuScript.c
                  __pa_28   0x008b0e    program     static C:\Projects\ELeadscrew\PIC18Code\LIB\floatio.c
                  __pa_29   0x0016b2    program     static C:\PROJECTS\ELeadscrew\PIC18Code\SRC\KeyThread.c
                  __pa_29   0x006b2c    program     static C:\PROJECTS\ELeadscrew\PIC18Code\SRC\MotorDriver.c
                  __pa_29   0x00d59a    program     static C:\PROJECTS\ELeadscrew\PIC18Code\SRC\MenuScript.c
                  __pa_29   0x008b24    program     static C:\Projects\ELeadscrew\PIC18Code\LIB\floatio.c
                  __pa_29   0x00459e    program     static C:\PROJECTS\ELeadscrew\PIC18Code\SRC\ELeadscrew.c
                  __pa_29   0x0057ee    program     static C:\PROJECTS\ELeadscrew\PIC18Code\SRC\MovementThread.c
                  __pa_29   0x009814    program     static C:\MCC18\src\traditional\stdclib\vfprintf.c
                  __pa_29   0x007ce2    program     static C:\Projects\ELeadscrew\PIC18Code\LIB\menu.c
                   __pa_3   0x00dd3a    program     static C:\PROJECTS\ELeadscrew\PIC18Code\SRC\MPG_Thread.c
                   __pa_3   0x0055f6    program     static C:\PROJECTS\ELeadscrew\PIC18Code\SRC\MovementThread.c
                   __pa_3   0x00e0ae    program     static C:\PROJECTS\ELeadscrew\PIC18Code\SRC\HalfnutThread.c
                   __pa_3   0x00f22a    program     static C:\PROJECTS\ELeadscrew\PIC18Code\SRC\SpindleSpeed.c
                   __pa_3   0x00964e    program     static C:\MCC18\src\traditional\stdclib\vfprintf.c
                   __pa_3   0x00e8a8    program     static C:\Projects\ELeadscrew\PIC18Code\LIB\Ob_eerom.c
                   __pa_3   0x007aa2    program     static C:\Projects\ELeadscrew\PIC18Code\LIB\menu.c
                   __pa_3   0x00a2d4    program     static C:\Projects\ELeadscrew\PIC18Code\LIB\Int.c
                   __pa_3   0x00d3c6    program     static C:\PROJECTS\ELeadscrew\PIC18Code\SRC\MenuScript.c
                   __pa_3   0x00d9b8    program     static C:\MCC18\src\traditional\stdclib\sqrt.c
                   __pa_3   0x00c78c    program     static C:\MCC18\src\traditional\stdclib\tan.c
                   __pa_3   0x001446    program     static C:\PROJECTS\ELeadscrew\PIC18Code\SRC\KeyThread.c
                   __pa_3   0x0043bc    program     static C:\PROJECTS\ELeadscrew\PIC18Code\SRC\ELeadscrew.c
                   __pa_3   0x00cc4a    program     static C:\PROJECTS\ELeadscrew\PIC18Code\SRC\GlobVars.c
                   __pa_3   0x00ecce    program     static C:\Projects\ELeadscrew\PIC18Code\LIB\Timer.c
                   __pa_3   0x00f564    program     static C:\MCC18\src\traditional\stdclib\PackMath.c
                   __pa_3   0x00b8a8    program     static C:\MCC18\src\traditional\stdclib\atan.c
                   __pa_3   0x00e6da    program     static C:\PROJECTS\ELeadscrew\PIC18Code\SRC\EEROM_Monitor.c
                   __pa_3   0x00be44    program     static C:\Projects\ELeadscrew\PIC18Code\LIB\Key.c
                   __pa_3   0x0088f6    program     static C:\Projects\ELeadscrew\PIC18Code\LIB\floatio.c
                   __pa_3   0x00d0cc    program     static C:\Projects\ELeadscrew\PIC18Code\LIB\Serial.c
                   __pa_3   0x00e3c8    program     static C:\Projects\ELeadscrew\PIC18Code\LIB\LCD.C
                   __pa_3   0x00691c    program     static C:\PROJECTS\ELeadscrew\PIC18Code\SRC\MotorDriver.c
                   __pa_3   0x00c25a    program     static C:\MCC18\src\traditional\stdclib\log.c
                  __pa_30   0x008b32    program     static C:\Projects\ELeadscrew\PIC18Code\LIB\floatio.c
                  __pa_30   0x00d5ac    program     static C:\PROJECTS\ELeadscrew\PIC18Code\SRC\MenuScript.c
                  __pa_30   0x0016c4    program     static C:\PROJECTS\ELeadscrew\PIC18Code\SRC\KeyThread.c
                  __pa_30   0x009830    program     static C:\MCC18\src\traditional\stdclib\vfprintf.c
                  __pa_30   0x006b3e    program     static C:\PROJECTS\ELeadscrew\PIC18Code\SRC\MotorDriver.c
                  __pa_30   0x005808    program     static C:\PROJECTS\ELeadscrew\PIC18Code\SRC\MovementThread.c
                  __pa_30   0x0045ae    program     static C:\PROJECTS\ELeadscrew\PIC18Code\SRC\ELeadscrew.c
                  __pa_30   0x007cf8    program     static C:\Projects\ELeadscrew\PIC18Code\LIB\menu.c
[...]
                 RXERRCNT   0x000f75       data     extern C:\MCC18\src\traditional\proc\p18F4685.asm
                 TXERRCNT   0x000f76       data     extern C:\MCC18\src\traditional\proc\p18F4685.asm
             TXERRCNTbits   0x000f76       data     extern C:\MCC18\src\traditional\proc\p18F4685.asm
              ECANCONbits   0x000f77       data     extern C:\MCC18\src\traditional\proc\p18F4685.asm
                  ECANCON   0x000f77       data     extern C:\MCC18\src\traditional\proc\p18F4685.asm
                    PORTA   0x000f80       data     extern C:\MCC18\src\traditional\proc\p18F4685.asm
                PORTAbits   0x000f80       data     extern C:\MCC18\src\traditional\proc\p18F4685.asm
                    PORTB   0x000f81       data     extern C:\MCC18\src\traditional\proc\p18F4685.asm
                PORTBbits   0x000f81       data     extern C:\MCC18\src\traditional\proc\p18F4685.asm
                PORTCbits   0x000f82       data     extern C:\MCC18\src\traditional\proc\p18F4685.asm
                    PORTC   0x000f82       data     extern C:\MCC18\src\traditional\proc\p18F4685.asm
                PORTDbits   0x000f83       data     extern C:\MCC18\src\traditional\proc\p18F4685.asm
                    PORTD   0x000f83       data     extern C:\MCC18\src\traditional\proc\p18F4685.asm
                PORTEbits   0x000f84       data     extern C:\MCC18\src\traditional\proc\p18F4685.asm
                    PORTE   0x000f84       data     extern C:\MCC18\src\traditional\proc\p18F4685.asm
                     LATA   0x000f89       data     extern C:\MCC18\src\traditional\proc\p18F4685.asm
                 LATAbits   0x000f89       data     extern C:\MCC18\src\traditional\proc\p18F4685.asm
                     LATB   0x000f8a       data     extern C:\MCC18\src\traditional\proc\p18F4685.asm
                 LATBbits   0x000f8a       data     extern C:\MCC18\src\traditional\proc\p18F4685.asm
                     LATC   0x000f8b       data     extern C:\MCC18\src\traditional\proc\p18F4685.asm
                 LATCbits   0x000f8b       data     extern C:\MCC18\src\traditional\proc\p18F4685.asm
                 LATDbits   0x000f8c       data     extern C:\MCC18\src\traditional\proc\p18F4685.asm
                     LATD   0x000f8c       data     extern C:\MCC18\src\traditional\proc\p18F4685.asm
                     LATE   0x000f8d       data     extern C:\MCC18\src\traditional\proc\p18F4685.asm
                 LATEbits   0x000f8d       data     extern C:\MCC18\src\traditional\proc\p18F4685.asm
                TRISAbits   0x000f92       data     extern C:\MCC18\src\traditional\proc\p18F4685.asm
                    TRISA   0x000f92       data     extern C:\MCC18\src\traditional\proc\p18F4685.asm
                 DDRAbits   0x000f92       data     extern C:\MCC18\src\traditional\proc\p18F4685.asm
                     DDRA   0x000f92       data     extern C:\MCC18\src\traditional\proc\p18F4685.asm
                    TRISB   0x000f93       data     extern C:\MCC18\src\traditional\proc\p18F4685.asm
                 DDRBbits   0x000f93       data     extern C:\MCC18\src\traditional\proc\p18F4685.asm
                     DDRB   0x000f93       data     extern C:\MCC18\src\traditional\proc\p18F4685.asm
                TRISBbits   0x000f93       data     extern C:\MCC18\src\traditional\proc\p18F4685.asm
                TRISCbits   0x000f94       data     extern C:\MCC18\src\traditional\proc\p18F4685.asm
                    TRISC   0x000f94       data     extern C:\MCC18\src\traditional\proc\p18F4685.asm
                     DDRC   0x000f94       data     extern C:\MCC18\src\traditional\proc\p18F4685.asm
                 DDRCbits   0x000f94       data     extern C:\MCC18\src\traditional\proc\p18F4685.asm
                    TRISD   0x000f95       data     extern C:\MCC18\src\traditional\proc\p18F4685.asm
                TRISDbits   0x000f95       data     extern C:\MCC18\src\traditional\proc\p18F4685.asm
                 DDRDbits   0x000f95       data     extern C:\MCC18\src\traditional\proc\p18F4685.asm
                     DDRD   0x000f95       data     extern C:\MCC18\src\traditional\proc\p18F4685.asm
                 DDREbits   0x000f96       data     extern C:\MCC18\src\traditional\proc\p18F4685.asm
                     DDRE   0x000f96       data     extern C:\MCC18\src\traditional\proc\p18F4685.asm
                TRISEbits   0x000f96       data     extern C:\MCC18\src\traditional\proc\p18F4685.asm
                    TRISE   0x000f96       data     extern C:\MCC18\src\traditional\proc\p18F4685.asm
                  OSCTUNE   0x000f9b       data     extern C:\MCC18\src\traditional\proc\p18F4685.asm
              OSCTUNEbits   0x000f9b       data     extern C:\MCC18\src\traditional\proc\p18F4685.asm
                     PIE1   0x000f9d       data     extern C:\MCC18\src\traditional\proc\p18F4685.asm
                 PIE1bits   0x000f9d       data     extern C:\MCC18\src\traditional\proc\p18F4685.asm
                     PIR1   0x000f9e       data     extern C:\MCC18\src\traditional\proc\p18F4685.asm
                 PIR1bits   0x000f9e       data     extern C:\MCC18\src\traditional\proc\p18F4685.asm
                     IPR1   0x000f9f       data     extern C:\MCC18\src\traditional\proc\p18F4685.asm
                 IPR1bits   0x000f9f       data     extern C:\MCC18\src\traditional\proc\p18F4685.asm
                     PIE2   0x000fa0       data     extern C:\MCC18\src\traditional\proc\p18F4685.asm
                 PIE2bits   0x000fa0       data     extern C:\MCC18\src\traditional\proc\p18F4685.asm
                 PIR2bits   0x000fa1       data     extern C:\MCC18\src\traditional\proc\p18F4685.asm
                     PIR2   0x000fa1       data     extern C:\MCC18\src\traditional\proc\p18F4685.asm
                     IPR2   0x000fa2       data     extern C:\MCC18\src\traditional\proc\p18F4685.asm
                 IPR2bits   0x000fa2       data     extern C:\MCC18\src\traditional\proc\p18F4685.asm
                     PIE3   0x000fa3       data     extern C:\MCC18\src\traditional\proc\p18F4685.asm
                 PIE3bits   0x000fa3       data     extern C:\MCC18\src\traditional\proc\p18F4685.asm
                     PIR3   0x000fa4       data     extern C:\MCC18\src\traditional\proc\p18F4685.asm
                 PIR3bits   0x000fa4       data     extern C:\MCC18\src\traditional\proc\p18F4685.asm
                     IPR3   0x000fa5       data     extern C:\MCC18\src\traditional\proc\p18F4685.asm
                 IPR3bits   0x000fa5       data     extern C:\MCC18\src\traditional\proc\p18F4685.asm
               EECON1bits   0x000fa6       data     extern C:\MCC18\src\traditional\proc\p18F4685.asm
                   EECON1   0x000fa6       data     extern C:\MCC18\src\traditional\proc\p18F4685.asm
                   EECON2   0x000fa7       data     extern C:\MCC18\src\traditional\proc\p18F4685.asm
                   EEDATA   0x000fa8       data     extern C:\MCC18\src\traditional\proc\p18F4685.asm
                    EEADR   0x000fa9       data     extern C:\MCC18\src\traditional\proc\p18F4685.asm
                   EEADRH   0x000faa       data     extern C:\MCC18\src\traditional\proc\p18F4685.asm
                RCSTAbits   0x000fab       data     extern C:\MCC18\src\traditional\proc\p18F4685.asm
                    RCSTA   0x000fab       data     extern C:\MCC18\src\traditional\proc\p18F4685.asm
                    TXSTA   0x000fac       data     extern C:\MCC18\src\traditional\proc\p18F4685.asm
                TXSTAbits   0x000fac       data     extern C:\MCC18\src\traditional\proc\p18F4685.asm
                    TXREG   0x000fad       data     extern C:\MCC18\src\traditional\proc\p18F4685.asm
                    RCREG   0x000fae       data     extern C:\MCC18\src\traditional\proc\p18F4685.asm
                    SPBRG   0x000faf       data     extern C:\MCC18\src\traditional\proc\p18F4685.asm
                   SPBRGH   0x000fb0       data     extern C:\MCC18\src\traditional\proc\p18F4685.asm
                T3CONbits   0x000fb1       data     extern C:\MCC18\src\traditional\proc\p18F4685.asm
                    T3CON   0x000fb1       data     extern C:\MCC18\src\traditional\proc\p18F4685.asm
                    TMR3L   0x000fb2       data     extern C:\MCC18\src\traditional\proc\p18F4685.asm
                    TMR3H   0x000fb3       data     extern C:\MCC18\src\traditional\proc\p18F4685.asm
                CMCONbits   0x000fb4       data     extern C:\MCC18\src\traditional\proc\p18F4685.asm
                    CMCON   0x000fb4       data     extern C:\MCC18\src\traditional\proc\p18F4685.asm
               CVRCONbits   0x000fb5       data     extern C:\MCC18\src\traditional\proc\p18F4685.asm
                   CVRCON   0x000fb5       data     extern C:\MCC18\src\traditional\proc\p18F4685.asm
                  ECCP1AS   0x000fb6       data     extern C:\MCC18\src\traditional\proc\p18F4685.asm
              ECCP1ASbits   0x000fb6       data     extern C:\MCC18\src\traditional\proc\p18F4685.asm
             ECCP1DELbits   0x000fb7       data     extern C:\MCC18\src\traditional\proc\p18F4685.asm
                 ECCP1DEL   0x000fb7       data     extern C:\MCC18\src\traditional\proc\p18F4685.asm
                  BAUDCON   0x000fb8       data     extern C:\MCC18\src\traditional\proc\p18F4685.asm
              BAUDCONbits   0x000fb8       data     extern C:\MCC18\src\traditional\proc\p18F4685.asm
                 ECCP1CON   0x000fba       data     extern C:\MCC18\src\traditional\proc\p18F4685.asm
             ECCP1CONbits   0x000fba       data     extern C:\MCC18\src\traditional\proc\p18F4685.asm
                   ECCPR1   0x000fbb       data     extern C:\MCC18\src\traditional\proc\p18F4685.asm
                  ECCPR1L   0x000fbb       data     extern C:\MCC18\src\traditional\proc\p18F4685.asm
                  ECCPR1H   0x000fbc       data     extern C:\MCC18\src\traditional\proc\p18F4685.asm
              CCP1CONbits   0x000fbd       data     extern C:\MCC18\src\traditional\proc\p18F4685.asm
                  CCP1CON   0x000fbd       data     extern C:\MCC18\src\traditional\proc\p18F4685.asm
                    CCPR1   0x000fbe       data     extern C:\MCC18\src\traditional\proc\p18F4685.asm
                   CCPR1L   0x000fbe       data     extern C:\MCC18\src\traditional\proc\p18F4685.asm
                   CCPR1H   0x000fbf       data     extern C:\MCC18\src\traditional\proc\p18F4685.asm
               ADCON2bits   0x000fc0       data     extern C:\MCC18\src\traditional\proc\p18F4685.asm
                   ADCON2   0x000fc0       data     extern C:\MCC18\src\traditional\proc\p18F4685.asm
               ADCON1bits   0x000fc1       data     extern C:\MCC18\src\traditional\proc\p18F4685.asm
                   ADCON1   0x000fc1       data     extern C:\MCC18\src\traditional\proc\p18F4685.asm
                   ADCON0   0x000fc2       data     extern C:\MCC18\src\traditional\proc\p18F4685.asm
               ADCON0bits   0x000fc2       data     extern C:\MCC18\src\traditional\proc\p18F4685.asm
                    ADRES   0x000fc3       data     extern C:\MCC18\src\traditional\proc\p18F4685.asm
                   ADRESL   0x000fc3       data     extern C:\MCC18\src\traditional\proc\p18F4685.asm
                   ADRESH   0x000fc4       data     extern C:\MCC18\src\traditional\proc\p18F4685.asm
              SSPCON2bits   0x000fc5       data     extern C:\MCC18\src\traditional\proc\p18F4685.asm
                  SSPCON2   0x000fc5       data     extern C:\MCC18\src\traditional\proc\p18F4685.asm
              SSPCON1bits   0x000fc6       data     extern C:\MCC18\src\traditional\proc\p18F4685.asm
                  SSPCON1   0x000fc6       data     extern C:\MCC18\src\traditional\proc\p18F4685.asm
              SSPSTATbits   0x000fc7       data     extern C:\MCC18\src\traditional\proc\p18F4685.asm
                  SSPSTAT   0x000fc7       data     extern C:\MCC18\src\traditional\proc\p18F4685.asm
                   SSPADD   0x000fc8       data     extern C:\MCC18\src\traditional\proc\p18F4685.asm
                   SSPBUF   0x000fc9       data     extern C:\MCC18\src\traditional\proc\p18F4685.asm
                    T2CON   0x000fca       data     extern C:\MCC18\src\traditional\proc\p18F4685.asm
                T2CONbits   0x000fca       data     extern C:\MCC18\src\traditional\proc\p18F4685.asm
                      PR2   0x000fcb       data     extern C:\MCC18\src\traditional\proc\p18F4685.asm
                     TMR2   0x000fcc       data     extern C:\MCC18\src\traditional\proc\p18F4685.asm
                    T1CON   0x000fcd       data     extern C:\MCC18\src\traditional\proc\p18F4685.asm
                T1CONbits   0x000fcd       data     extern C:\MCC18\src\traditional\proc\p18F4685.asm
                    TMR1L   0x000fce       data     extern C:\MCC18\src\traditional\proc\p18F4685.asm
                    TMR1H   0x000fcf       data     extern C:\MCC18\src\traditional\proc\p18F4685.asm
                     RCON   0x000fd0       data     extern C:\MCC18\src\traditional\proc\p18F4685.asm
                 RCONbits   0x000fd0       data     extern C:\MCC18\src\traditional\proc\p18F4685.asm
                   WDTCON   0x000fd1       data     extern C:\MCC18\src\traditional\proc\p18F4685.asm
               WDTCONbits   0x000fd1       data     extern C:\MCC18\src\traditional\proc\p18F4685.asm
              HLVDCONbits   0x000fd2       data     extern C:\MCC18\src\traditional\proc\p18F4685.asm
                  HLVDCON   0x000fd2       data     extern C:\MCC18\src\traditional\proc\p18F4685.asm
               LVDCONbits   0x000fd2       data     extern C:\MCC18\src\traditional\proc\p18F4685.asm
                   LVDCON   0x000fd2       data     extern C:\MCC18\src\traditional\proc\p18F4685.asm
               OSCCONbits   0x000fd3       data     extern C:\MCC18\src\traditional\proc\p18F4685.asm
                   OSCCON   0x000fd3       data     extern C:\MCC18\src\traditional\proc\p18F4685.asm
                    T0CON   0x000fd5       data     extern C:\MCC18\src\traditional\proc\p18F4685.asm
                T0CONbits   0x000fd5       data     extern C:\MCC18\src\traditional\proc\p18F4685.asm
                    TMR0L   0x000fd6       data     extern C:\MCC18\src\traditional\proc\p18F4685.asm
                    TMR0H   0x000fd7       data     extern C:\MCC18\src\traditional\proc\p18F4685.asm
               STATUSbits   0x000fd8       data     extern C:\MCC18\src\traditional\proc\p18F4685.asm
                   STATUS   0x000fd8       data     extern C:\MCC18\src\traditional\proc\p18F4685.asm
                    FSR2L   0x000fd9       data     extern C:\MCC18\src\traditional\proc\p18F4685.asm
                     FSR2   0x000fd9       data     extern C:\MCC18\src\traditional\proc\p18F4685.asm
                    FSR2H   0x000fda       data     extern C:\MCC18\src\traditional\proc\p18F4685.asm
                   PLUSW2   0x000fdb       data     extern C:\MCC18\src\traditional\proc\p18F4685.asm
                  PREINC2   0x000fdc       data     extern C:\MCC18\src\traditional\proc\p18F4685.asm
                 POSTDEC2   0x000fdd       data     extern C:\MCC18\src\traditional\proc\p18F4685.asm
                 POSTINC2   0x000fde       data     extern C:\MCC18\src\traditional\proc\p18F4685.asm
                    INDF2   0x000fdf       data     extern C:\MCC18\src\traditional\proc\p18F4685.asm
                      BSR   0x000fe0       data     extern C:\MCC18\src\traditional\proc\p18F4685.asm
                     FSR1   0x000fe1       data     extern C:\MCC18\src\traditional\proc\p18F4685.asm
                    FSR1L   0x000fe1       data     extern C:\MCC18\src\traditional\proc\p18F4685.asm
                    FSR1H   0x000fe2       data     extern C:\MCC18\src\traditional\proc\p18F4685.asm
                   PLUSW1   0x000fe3       data     extern C:\MCC18\src\traditional\proc\p18F4685.asm
                  PREINC1   0x000fe4       data     extern C:\MCC18\src\traditional\proc\p18F4685.asm
                 POSTDEC1   0x000fe5       data     extern C:\MCC18\src\traditional\proc\p18F4685.asm
                 POSTINC1   0x000fe6       data     extern C:\MCC18\src\traditional\proc\p18F4685.asm
                    INDF1   0x000fe7       data     extern C:\MCC18\src\traditional\proc\p18F4685.asm
                     WREG   0x000fe8       data     extern C:\MCC18\src\traditional\proc\p18F4685.asm
                     FSR0   0x000fe9       data     extern C:\MCC18\src\traditional\proc\p18F4685.asm
                    FSR0L   0x000fe9       data     extern C:\MCC18\src\traditional\proc\p18F4685.asm
                    FSR0H   0x000fea       data     extern C:\MCC18\src\traditional\proc\p18F4685.asm
                   PLUSW0   0x000feb       data     extern C:\MCC18\src\traditional\proc\p18F4685.asm
                  PREINC0   0x000fec       data     extern C:\MCC18\src\traditional\proc\p18F4685.asm
                 POSTDEC0   0x000fed       data     extern C:\MCC18\src\traditional\proc\p18F4685.asm
                 POSTINC0   0x000fee       data     extern C:\MCC18\src\traditional\proc\p18F4685.asm
                    INDF0   0x000fef       data     extern C:\MCC18\src\traditional\proc\p18F4685.asm
                  INTCON3   0x000ff0       data     extern C:\MCC18\src\traditional\proc\p18F4685.asm
              INTCON3bits   0x000ff0       data     extern C:\MCC18\src\traditional\proc\p18F4685.asm
              INTCON2bits   0x000ff1       data     extern C:\MCC18\src\traditional\proc\p18F4685.asm
                  INTCON2   0x000ff1       data     extern C:\MCC18\src\traditional\proc\p18F4685.asm
                   INTCON   0x000ff2       data     extern C:\MCC18\src\traditional\proc\p18F4685.asm
               INTCONbits   0x000ff2       data     extern C:\MCC18\src\traditional\proc\p18F4685.asm
                     PROD   0x000ff3       data     extern C:\MCC18\src\traditional\proc\p18F4685.asm
                    PRODL   0x000ff3       data     extern C:\MCC18\src\traditional\proc\p18F4685.asm
                    PRODH   0x000ff4       data     extern C:\MCC18\src\traditional\proc\p18F4685.asm
                   TABLAT   0x000ff5       data     extern C:\MCC18\src\traditional\proc\p18F4685.asm
                  TBLPTRL   0x000ff6       data     extern C:\MCC18\src\traditional\proc\p18F4685.asm
                   TBLPTR   0x000ff6       data     extern C:\MCC18\src\traditional\proc\p18F4685.asm
                  TBLPTRH   0x000ff7       data     extern C:\MCC18\src\traditional\proc\p18F4685.asm
                  TBLPTRU   0x000ff8       data     extern C:\MCC18\src\traditional\proc\p18F4685.asm
                       PC   0x000ff9       data     extern C:\MCC18\src\traditional\proc\p18F4685.asm
                      PCL   0x000ff9       data     extern C:\MCC18\src\traditional\proc\p18F4685.asm
                   PCLATH   0x000ffa       data     extern C:\MCC18\src\traditional\proc\p18F4685.asm
                   PCLATU   0x000ffb       data     extern C:\MCC18\src\traditional\proc\p18F4685.asm
                   STKPTR   0x000ffc       data     extern C:\MCC18\src\traditional\proc\p18F4685.asm
               STKPTRbits   0x000ffc       data     extern C:\MCC18\src\traditional\proc\p18F4685.asm
                     TOSL   0x000ffd       data     extern C:\MCC18\src\traditional\proc\p18F4685.asm
                      TOS   0x000ffd       data     extern C:\MCC18\src\traditional\proc\p18F4685.asm
                     TOSH   0x000ffe       data     extern C:\MCC18\src\traditional\proc\p18F4685.asm
                     TOSU   0x000fff       data     extern C:\MCC18\src\traditional\proc\p18F4685.asm


